******************************************************************************
                  TI ARM Linker PC v18.1.4                     
******************************************************************************
>> Linked Tue Mar  5 14:22:49 2019

OUTPUT FILE NAME:   <Try2.out>
ENTRY POINT SYMBOL: "_c_int00_noargs"  address: 0000074d


MEMORY CONFIGURATION

         name            origin    length      used     unused   attr    fill
----------------------  --------  ---------  --------  --------  ----  --------
  MAIN                  00000000   00040000  0000082e  0003f7d2  R  X
  INFO                  00200000   00004000  00000000  00004000  R  X
  SRAM_CODE             01000000   00010000  00000a08  0000f5f8  RW X
  SRAM_DATA             20000000   00010000  00000a08  0000f5f8  RW  


SEGMENT ALLOCATION MAP

run origin  load origin   length   init length attrs members
----------  ----------- ---------- ----------- ----- -------
00000000    00000000    000000e4   000000e4    r--
  00000000    00000000    000000e4   000000e4    r-- .intvecs
00000000    00000000    0003a990   00000000    rw-
  00000000    00000000    0003a990   00000000    rw- .bss
000000e4    000000e4    0000071a   0000071a    r-x
  000000e4    000000e4    0000071a   0000071a    r-x .text
00000800    00000800    00000030   00000030    r--
  00000800    00000800    00000030   00000030    r-- .cinit
20000000    20000000    00000808   00000000    rw-
  20000000    20000000    00000800   00000000    rw- .sysmem
  20000800    20000800    00000008   00000000    rw- .data
2000fe00    2000fe00    00000200   00000000    rw-
  2000fe00    2000fe00    00000200   00000000    rw- .stack


SECTION ALLOCATION MAP

 output                                  attributes/
section   page    origin      length       input sections
--------  ----  ----------  ----------   ----------------
.intvecs   0    00000000    000000e4     
                  00000000    000000e4     startup_msp432p401r_ccs.obj (.intvecs:retain)

.bss       0    00000000    0003a990     FAILED TO ALLOCATE
.text      0    000000e4    0000071a     
                  000000e4    00000136     rtsv7M4_T_le_v4SPD16_eabi.lib : fd_div_t2.asm.obj (.text)
                  0000021a    00000002     startup_msp432p401r_ccs.obj (.text:Default_Handler)
                  0000021c    00000108     main.obj (.text:ADC14_IRQHandler)
                  00000324    000000fc     rtsv7M4_T_le_v4SPD16_eabi.lib : fd_mul_t2.asm.obj (.text)
                  00000420    000000f0     setup.obj (.text:initADC14)
                  00000510    0000009c     rtsv7M4_T_le_v4SPD16_eabi.lib : memcpy_t2.asm.obj (.text)
                  000005ac    0000007a                                   : memset_t2.asm.obj (.text)
                  00000626    00000002     --HOLE-- [fill = 0]
                  00000628    00000078     system_msp432p401r.obj (.text:SystemInit)
                  000006a0    00000068     rtsv7M4_T_le_v4SPD16_eabi.lib : copy_decompress_lzss.c.obj (.text:decompress:lzss:__TI_decompress_lzss)
                  00000708    00000044                                   : autoinit.c.obj (.text:__TI_auto_init_nobinit_nopinit:__TI_auto_init_nobinit_nopinit)
                  0000074c    00000038                                   : boot_cortex_m.c.obj (.text:_c_int00_noargs:_c_int00_noargs)
                  00000784    0000002c     main.obj (.text:main)
                  000007b0    00000020     rtsv7M4_T_le_v4SPD16_eabi.lib : u_tofd_t2.asm.obj (.text)
                  000007d0    0000000e                                   : copy_decompress_none.c.obj (.text:decompress:none:__TI_decompress_none)
                  000007de    0000000c     startup_msp432p401r_ccs.obj (.text:Reset_Handler)
                  000007ea    0000000c     rtsv7M4_T_le_v4SPD16_eabi.lib : copy_zero_init.c.obj (.text:decompress:ZI:__TI_zero_init)
                  000007f6    00000004                                   : pre_init.c.obj (.text:_system_pre_init)
                  000007fa    00000004                                   : exit.c.obj (.text:abort:abort)

.cinit     0    00000800    00000030     
                  00000800    0000000c     (__TI_handler_table)
                  0000080c    00000004     --HOLE-- [fill = 0]
                  00000810    00000008     (.cinit..bss.load) [load image, compression = zero_init]
                  00000818    00000007     (.cinit..data.load) [load image, compression = lzss]
                  0000081f    00000001     --HOLE-- [fill = 0]
                  00000820    00000010     (__TI_cinit_table)

.init_array 
*          0    00000000    00000000     UNINITIALIZED

.binit     0    00000000    00000000     

.sysmem    0    20000000    00000800     UNINITIALIZED
                  20000000    00000008     rtsv7M4_T_le_v4SPD16_eabi.lib : memory.c.obj (.sysmem)
                  20000008    000007f8     --HOLE--

.data      0    20000800    00000008     UNINITIALIZED
                  20000800    00000008     main.obj (.data)

.stack     0    2000fe00    00000200     UNINITIALIZED
                  2000fe00    00000004     rtsv7M4_T_le_v4SPD16_eabi.lib : boot_cortex_m.c.obj (.stack)
                  2000fe04    000001fc     --HOLE--

MODULE SUMMARY

       Module                        code   ro data   rw data
       ------                        ----   -------   -------
    .\
       main.obj                      308    0         16     
       setup.obj                     240    0         0      
       system_msp432p401r.obj        120    0         0      
    +--+-----------------------------+------+---------+---------+
       Total:                        668    0         16     
                                                             
    .\ccs\
       startup_msp432p401r_ccs.obj   14     228       0      
    +--+-----------------------------+------+---------+---------+
       Total:                        14     228       0      
                                                             
    E:\ccsv8\tools\compiler\ti-cgt-arm_18.1.4.LTS\lib\rtsv7M4_T_le_v4SPD16_eabi.lib
       fd_div_t2.asm.obj             310    0         0      
       fd_mul_t2.asm.obj             252    0         0      
       memcpy_t2.asm.obj             156    0         0      
       memset_t2.asm.obj             122    0         0      
       copy_decompress_lzss.c.obj    104    0         0      
       autoinit.c.obj                68     0         0      
       boot_cortex_m.c.obj           56     0         0      
       u_tofd_t2.asm.obj             32     0         0      
       copy_decompress_none.c.obj    14     0         0      
       copy_zero_init.c.obj          12     0         0      
       exit.c.obj                    4      0         0      
       pre_init.c.obj                4      0         0      
    +--+-----------------------------+------+---------+---------+
       Total:                        1134   0         0      
                                                             
       Heap:                         0      0         4096   
       Stack:                        0      0         1024   
       Linker Generated:             0      43        0      
    +--+-----------------------------+------+---------+---------+
       Grand Total:                  1816   271       5136   


LINKER GENERATED COPY TABLES

__TI_cinit_table @ 00000820 records: 2, size/record: 8, table size: 16
	.bss: load addr=00000810, load size=00000008 bytes, run addr=00000000, run size=0003a990 bytes, compression=zero_init
	.data: load addr=00000818, load size=00000007 bytes, run addr=20000800, run size=00000008 bytes, compression=lzss


LINKER GENERATED HANDLER TABLE

__TI_handler_table @ 00000800 records: 3, size/record: 4, table size: 12
	index: 0, handler: __TI_decompress_lzss
	index: 1, handler: __TI_decompress_none
	index: 2, handler: __TI_zero_init


GLOBAL SYMBOLS: SORTED ALPHABETICALLY BY Name 

address   name                          
-------   ----                          
0000021d  ADC14_IRQHandler              
0000021d  ADC14_IRQHandler              
0000021b  AES256_IRQHandler             
0000021b  BusFault_Handler              
000007fb  C$$EXIT                       
0000021b  COMP_E0_IRQHandler            
0000021b  COMP_E1_IRQHandler            
0000021b  CS_IRQHandler                 
0000021b  DMA_ERR_IRQHandler            
0000021b  DMA_INT0_IRQHandler           
0000021b  DMA_INT1_IRQHandler           
0000021b  DMA_INT2_IRQHandler           
0000021b  DMA_INT3_IRQHandler           
0000021b  DebugMon_Handler              
0000021b  Default_Handler               
0000021b  EUSCIA0_IRQHandler            
0000021b  EUSCIA1_IRQHandler            
0000021b  EUSCIA2_IRQHandler            
0000021b  EUSCIA3_IRQHandler            
0000021b  EUSCIB0_IRQHandler            
0000021b  EUSCIB1_IRQHandler            
0000021b  EUSCIB2_IRQHandler            
0000021b  EUSCIB3_IRQHandler            
0000021b  FLCTL_IRQHandler              
0000021b  FPU_IRQHandler                
0000021b  HardFault_Handler             
0000021b  MemManage_Handler             
0000021b  NMI_Handler                   
0000021b  PCM_IRQHandler                
0000021b  PORT1_IRQHandler              
0000021b  PORT2_IRQHandler              
0000021b  PORT3_IRQHandler              
0000021b  PORT4_IRQHandler              
0000021b  PORT5_IRQHandler              
0000021b  PORT6_IRQHandler              
0000021b  PSS_IRQHandler                
0000021b  PendSV_Handler                
0000021b  RTC_C_IRQHandler              
000007df  Reset_Handler                 
0000021b  SVC_Handler                   
0000021b  SysTick_Handler               
00000629  SystemInit                    
0000021b  T32_INT1_IRQHandler           
0000021b  T32_INT2_IRQHandler           
0000021b  T32_INTC_IRQHandler           
0000021b  TA0_0_IRQHandler              
0000021b  TA0_N_IRQHandler              
0000021b  TA1_0_IRQHandler              
0000021b  TA1_N_IRQHandler              
0000021b  TA2_0_IRQHandler              
0000021b  TA2_N_IRQHandler              
0000021b  TA3_0_IRQHandler              
0000021b  TA3_N_IRQHandler              
0000021b  UsageFault_Handler            
4000480c  WDTCTL_SYM                    
0000021b  WDT_A_IRQHandler              
20010000  __STACK_END                   
00000200  __STACK_SIZE                  
00000800  __SYSMEM_SIZE                 
00000820  __TI_CINIT_Base               
00000830  __TI_CINIT_Limit              
00000800  __TI_Handler_Table_Base       
0000080c  __TI_Handler_Table_Limit      
00000709  __TI_auto_init_nobinit_nopinit
000006a1  __TI_decompress_lzss          
000007d1  __TI_decompress_none          
ffffffff  __TI_pprof_out_hndl           
ffffffff  __TI_prof_data_size           
ffffffff  __TI_prof_data_start          
00000000  __TI_static_base__            
000007eb  __TI_zero_init                
000000e5  __aeabi_ddiv                  
00000325  __aeabi_dmul                  
000005ad  __aeabi_memclr                
000005ad  __aeabi_memclr4               
000005ad  __aeabi_memclr8               
00000511  __aeabi_memcpy                
00000511  __aeabi_memcpy4               
00000511  __aeabi_memcpy8               
000005af  __aeabi_memset                
000005af  __aeabi_memset4               
000005af  __aeabi_memset8               
000007b1  __aeabi_ui2d                  
ffffffff  __binit__                     
ffffffff  __c_args__                    
UNDEFED   __mpu_init                    
2000fe00  __stack                       
0000074d  _c_int00_noargs               
20000000  _sys_memory                   
UNDEFED   _system_post_cinit            
000007f7  _system_pre_init              
000007fb  abort                         
ffffffff  binit                         
20000804  copyADC                       
00000000  dataArray                     
00000421  initADC14                     
00000000  interruptVectors              
20000800  k                             
00000785  main                          
00000511  memcpy                        
000005b5  memset                        


GLOBAL SYMBOLS: SORTED BY Symbol Address 

address   name                          
-------   ----                          
00000000  __TI_static_base__            
00000000  dataArray                     
00000000  interruptVectors              
000000e5  __aeabi_ddiv                  
00000200  __STACK_SIZE                  
0000021b  AES256_IRQHandler             
0000021b  BusFault_Handler              
0000021b  COMP_E0_IRQHandler            
0000021b  COMP_E1_IRQHandler            
0000021b  CS_IRQHandler                 
0000021b  DMA_ERR_IRQHandler            
0000021b  DMA_INT0_IRQHandler           
0000021b  DMA_INT1_IRQHandler           
0000021b  DMA_INT2_IRQHandler           
0000021b  DMA_INT3_IRQHandler           
0000021b  DebugMon_Handler              
0000021b  Default_Handler               
0000021b  EUSCIA0_IRQHandler            
0000021b  EUSCIA1_IRQHandler            
0000021b  EUSCIA2_IRQHandler            
0000021b  EUSCIA3_IRQHandler            
0000021b  EUSCIB0_IRQHandler            
0000021b  EUSCIB1_IRQHandler            
0000021b  EUSCIB2_IRQHandler            
0000021b  EUSCIB3_IRQHandler            
0000021b  FLCTL_IRQHandler              
0000021b  FPU_IRQHandler                
0000021b  HardFault_Handler             
0000021b  MemManage_Handler             
0000021b  NMI_Handler                   
0000021b  PCM_IRQHandler                
0000021b  PORT1_IRQHandler              
0000021b  PORT2_IRQHandler              
0000021b  PORT3_IRQHandler              
0000021b  PORT4_IRQHandler              
0000021b  PORT5_IRQHandler              
0000021b  PORT6_IRQHandler              
0000021b  PSS_IRQHandler                
0000021b  PendSV_Handler                
0000021b  RTC_C_IRQHandler              
0000021b  SVC_Handler                   
0000021b  SysTick_Handler               
0000021b  T32_INT1_IRQHandler           
0000021b  T32_INT2_IRQHandler           
0000021b  T32_INTC_IRQHandler           
0000021b  TA0_0_IRQHandler              
0000021b  TA0_N_IRQHandler              
0000021b  TA1_0_IRQHandler              
0000021b  TA1_N_IRQHandler              
0000021b  TA2_0_IRQHandler              
0000021b  TA2_N_IRQHandler              
0000021b  TA3_0_IRQHandler              
0000021b  TA3_N_IRQHandler              
0000021b  UsageFault_Handler            
0000021b  WDT_A_IRQHandler              
0000021d  ADC14_IRQHandler              
0000021d  ADC14_IRQHandler              
00000325  __aeabi_dmul                  
00000421  initADC14                     
00000511  __aeabi_memcpy                
00000511  __aeabi_memcpy4               
00000511  __aeabi_memcpy8               
00000511  memcpy                        
000005ad  __aeabi_memclr                
000005ad  __aeabi_memclr4               
000005ad  __aeabi_memclr8               
000005af  __aeabi_memset                
000005af  __aeabi_memset4               
000005af  __aeabi_memset8               
000005b5  memset                        
00000629  SystemInit                    
000006a1  __TI_decompress_lzss          
00000709  __TI_auto_init_nobinit_nopinit
0000074d  _c_int00_noargs               
00000785  main                          
000007b1  __aeabi_ui2d                  
000007d1  __TI_decompress_none          
000007df  Reset_Handler                 
000007eb  __TI_zero_init                
000007f7  _system_pre_init              
000007fb  C$$EXIT                       
000007fb  abort                         
00000800  __SYSMEM_SIZE                 
00000800  __TI_Handler_Table_Base       
0000080c  __TI_Handler_Table_Limit      
00000820  __TI_CINIT_Base               
00000830  __TI_CINIT_Limit              
20000000  _sys_memory                   
20000800  k                             
20000804  copyADC                       
2000fe00  __stack                       
20010000  __STACK_END                   
4000480c  WDTCTL_SYM                    
ffffffff  __TI_pprof_out_hndl           
ffffffff  __TI_prof_data_size           
ffffffff  __TI_prof_data_start          
ffffffff  __binit__                     
ffffffff  __c_args__                    
ffffffff  binit                         
UNDEFED   __mpu_init                    
UNDEFED   _system_post_cinit            

[101 symbols]
