<?xml version="1.0" encoding="ISO-8859-1" ?>
<link_info>
   <banner>TI ARM Linker PC v18.1.4.LTS</banner>
   <copyright>Copyright (c) 1996-2018 Texas Instruments Incorporated</copyright>
   <link_time>0x5c7ee8a9</link_time>
   <link_errors>0x1</link_errors>
   <output_file>Try2.out</output_file>
   <entry_point>
      <name>_c_int00_noargs</name>
      <address>0x74d</address>
   </entry_point>
   <input_file_list>
      <input_file id="fl-2">
         <path>.\</path>
         <kind>object</kind>
         <file>circBuffer.obj</file>
         <name>circBuffer.obj</name>
      </input_file>
      <input_file id="fl-3">
         <path>.\</path>
         <kind>object</kind>
         <file>csvCreate.obj</file>
         <name>csvCreate.obj</name>
      </input_file>
      <input_file id="fl-4">
         <path>.\</path>
         <kind>object</kind>
         <file>main.obj</file>
         <name>main.obj</name>
      </input_file>
      <input_file id="fl-5">
         <path>.\</path>
         <kind>object</kind>
         <file>queue.obj</file>
         <name>queue.obj</name>
      </input_file>
      <input_file id="fl-6">
         <path>.\</path>
         <kind>object</kind>
         <file>setup.obj</file>
         <name>setup.obj</name>
      </input_file>
      <input_file id="fl-7">
         <path>.\</path>
         <kind>object</kind>
         <file>system_msp432p401r.obj</file>
         <name>system_msp432p401r.obj</name>
      </input_file>
      <input_file id="fl-8">
         <path>.\ccs\</path>
         <kind>object</kind>
         <file>startup_msp432p401r_ccs.obj</file>
         <name>startup_msp432p401r_ccs.obj</name>
      </input_file>
      <input_file id="fl-12">
         <kind>object</kind>
         <file>&lt;internal&gt;</file>
         <name>&lt;internal&gt;</name>
      </input_file>
      <input_file id="fl-13">
         <path>E:\simplelink_msp432p4_sdk_2_40_00_10\source\ti\devices\msp432p4xx\driverlib\ccs\</path>
         <kind>archive</kind>
         <file>msp432p4xx_driverlib.lib</file>
         <name>gpio.o</name>
      </input_file>
      <input_file id="fl-14">
         <path>E:\simplelink_msp432p4_sdk_2_40_00_10\source\ti\devices\msp432p4xx\driverlib\ccs\</path>
         <kind>archive</kind>
         <file>msp432p4xx_driverlib.lib</file>
         <name>interrupt.o</name>
      </input_file>
      <input_file id="fl-15">
         <path>E:\simplelink_msp432p4_sdk_2_40_00_10\source\ti\devices\msp432p4xx\driverlib\ccs\</path>
         <kind>archive</kind>
         <file>msp432p4xx_driverlib.lib</file>
         <name>cpu.o</name>
      </input_file>
      <input_file id="fl-cb">
         <path>E:\ccsv8\tools\compiler\ti-cgt-arm_18.1.4.LTS\lib\</path>
         <kind>archive</kind>
         <file>rtsv7M4_T_le_v4SPD16_eabi.lib</file>
         <name>fd_div_t2.asm.obj</name>
      </input_file>
      <input_file id="fl-cc">
         <path>E:\ccsv8\tools\compiler\ti-cgt-arm_18.1.4.LTS\lib\</path>
         <kind>archive</kind>
         <file>rtsv7M4_T_le_v4SPD16_eabi.lib</file>
         <name>fd_mul_t2.asm.obj</name>
      </input_file>
      <input_file id="fl-cd">
         <path>E:\ccsv8\tools\compiler\ti-cgt-arm_18.1.4.LTS\lib\</path>
         <kind>archive</kind>
         <file>rtsv7M4_T_le_v4SPD16_eabi.lib</file>
         <name>memcpy_t2.asm.obj</name>
      </input_file>
      <input_file id="fl-ce">
         <path>E:\ccsv8\tools\compiler\ti-cgt-arm_18.1.4.LTS\lib\</path>
         <kind>archive</kind>
         <file>rtsv7M4_T_le_v4SPD16_eabi.lib</file>
         <name>u_tofd_t2.asm.obj</name>
      </input_file>
      <input_file id="fl-cf">
         <path>E:\ccsv8\tools\compiler\ti-cgt-arm_18.1.4.LTS\lib\</path>
         <kind>archive</kind>
         <file>rtsv7M4_T_le_v4SPD16_eabi.lib</file>
         <name>copy_zero_init.c.obj</name>
      </input_file>
      <input_file id="fl-d0">
         <path>E:\ccsv8\tools\compiler\ti-cgt-arm_18.1.4.LTS\lib\</path>
         <kind>archive</kind>
         <file>rtsv7M4_T_le_v4SPD16_eabi.lib</file>
         <name>copy_decompress_none.c.obj</name>
      </input_file>
      <input_file id="fl-d1">
         <path>E:\ccsv8\tools\compiler\ti-cgt-arm_18.1.4.LTS\lib\</path>
         <kind>archive</kind>
         <file>rtsv7M4_T_le_v4SPD16_eabi.lib</file>
         <name>copy_decompress_lzss.c.obj</name>
      </input_file>
      <input_file id="fl-d2">
         <path>E:\ccsv8\tools\compiler\ti-cgt-arm_18.1.4.LTS\lib\</path>
         <kind>archive</kind>
         <file>rtsv7M4_T_le_v4SPD16_eabi.lib</file>
         <name>boot_cortex_m.c.obj</name>
      </input_file>
      <input_file id="fl-d3">
         <path>E:\ccsv8\tools\compiler\ti-cgt-arm_18.1.4.LTS\lib\</path>
         <kind>archive</kind>
         <file>rtsv7M4_T_le_v4SPD16_eabi.lib</file>
         <name>exit.c.obj</name>
      </input_file>
      <input_file id="fl-d4">
         <path>E:\ccsv8\tools\compiler\ti-cgt-arm_18.1.4.LTS\lib\</path>
         <kind>archive</kind>
         <file>rtsv7M4_T_le_v4SPD16_eabi.lib</file>
         <name>memory.c.obj</name>
      </input_file>
      <input_file id="fl-d5">
         <path>E:\ccsv8\tools\compiler\ti-cgt-arm_18.1.4.LTS\lib\</path>
         <kind>archive</kind>
         <file>rtsv7M4_T_le_v4SPD16_eabi.lib</file>
         <name>_lock.c.obj</name>
      </input_file>
      <input_file id="fl-d6">
         <path>E:\ccsv8\tools\compiler\ti-cgt-arm_18.1.4.LTS\lib\</path>
         <kind>archive</kind>
         <file>rtsv7M4_T_le_v4SPD16_eabi.lib</file>
         <name>args_main.c.obj</name>
      </input_file>
      <input_file id="fl-d7">
         <path>E:\ccsv8\tools\compiler\ti-cgt-arm_18.1.4.LTS\lib\</path>
         <kind>archive</kind>
         <file>rtsv7M4_T_le_v4SPD16_eabi.lib</file>
         <name>fclose.c.obj</name>
      </input_file>
      <input_file id="fl-d8">
         <path>E:\ccsv8\tools\compiler\ti-cgt-arm_18.1.4.LTS\lib\</path>
         <kind>archive</kind>
         <file>rtsv7M4_T_le_v4SPD16_eabi.lib</file>
         <name>fflush.c.obj</name>
      </input_file>
      <input_file id="fl-d9">
         <path>E:\ccsv8\tools\compiler\ti-cgt-arm_18.1.4.LTS\lib\</path>
         <kind>archive</kind>
         <file>rtsv7M4_T_le_v4SPD16_eabi.lib</file>
         <name>fopen.c.obj</name>
      </input_file>
      <input_file id="fl-da">
         <path>E:\ccsv8\tools\compiler\ti-cgt-arm_18.1.4.LTS\lib\</path>
         <kind>archive</kind>
         <file>rtsv7M4_T_le_v4SPD16_eabi.lib</file>
         <name>fprintf.c.obj</name>
      </input_file>
      <input_file id="fl-db">
         <path>E:\ccsv8\tools\compiler\ti-cgt-arm_18.1.4.LTS\lib\</path>
         <kind>archive</kind>
         <file>rtsv7M4_T_le_v4SPD16_eabi.lib</file>
         <name>fputc.c.obj</name>
      </input_file>
      <input_file id="fl-dc">
         <path>E:\ccsv8\tools\compiler\ti-cgt-arm_18.1.4.LTS\lib\</path>
         <kind>archive</kind>
         <file>rtsv7M4_T_le_v4SPD16_eabi.lib</file>
         <name>fputs.c.obj</name>
      </input_file>
      <input_file id="fl-dd">
         <path>E:\ccsv8\tools\compiler\ti-cgt-arm_18.1.4.LTS\lib\</path>
         <kind>archive</kind>
         <file>rtsv7M4_T_le_v4SPD16_eabi.lib</file>
         <name>memchr.c.obj</name>
      </input_file>
      <input_file id="fl-de">
         <path>E:\ccsv8\tools\compiler\ti-cgt-arm_18.1.4.LTS\lib\</path>
         <kind>archive</kind>
         <file>rtsv7M4_T_le_v4SPD16_eabi.lib</file>
         <name>open.c.obj</name>
      </input_file>
      <input_file id="fl-df">
         <path>E:\ccsv8\tools\compiler\ti-cgt-arm_18.1.4.LTS\lib\</path>
         <kind>archive</kind>
         <file>rtsv7M4_T_le_v4SPD16_eabi.lib</file>
         <name>printf.c.obj</name>
      </input_file>
      <input_file id="fl-e0">
         <path>E:\ccsv8\tools\compiler\ti-cgt-arm_18.1.4.LTS\lib\</path>
         <kind>archive</kind>
         <file>rtsv7M4_T_le_v4SPD16_eabi.lib</file>
         <name>remove.c.obj</name>
      </input_file>
      <input_file id="fl-e1">
         <path>E:\ccsv8\tools\compiler\ti-cgt-arm_18.1.4.LTS\lib\</path>
         <kind>archive</kind>
         <file>rtsv7M4_T_le_v4SPD16_eabi.lib</file>
         <name>strcat.c.obj</name>
      </input_file>
      <input_file id="fl-e2">
         <path>E:\ccsv8\tools\compiler\ti-cgt-arm_18.1.4.LTS\lib\</path>
         <kind>archive</kind>
         <file>rtsv7M4_T_le_v4SPD16_eabi.lib</file>
         <name>strlen.c.obj</name>
      </input_file>
      <input_file id="fl-e3">
         <path>E:\ccsv8\tools\compiler\ti-cgt-arm_18.1.4.LTS\lib\</path>
         <kind>archive</kind>
         <file>rtsv7M4_T_le_v4SPD16_eabi.lib</file>
         <name>unlink.c.obj</name>
      </input_file>
      <input_file id="fl-e4">
         <path>E:\ccsv8\tools\compiler\ti-cgt-arm_18.1.4.LTS\lib\</path>
         <kind>archive</kind>
         <file>rtsv7M4_T_le_v4SPD16_eabi.lib</file>
         <name>write.c.obj</name>
      </input_file>
      <input_file id="fl-e5">
         <path>E:\ccsv8\tools\compiler\ti-cgt-arm_18.1.4.LTS\lib\</path>
         <kind>archive</kind>
         <file>rtsv7M4_T_le_v4SPD16_eabi.lib</file>
         <name>memset_t2.asm.obj</name>
      </input_file>
      <input_file id="fl-e6">
         <path>E:\ccsv8\tools\compiler\ti-cgt-arm_18.1.4.LTS\lib\</path>
         <kind>archive</kind>
         <file>rtsv7M4_T_le_v4SPD16_eabi.lib</file>
         <name>autoinit.c.obj</name>
      </input_file>
      <input_file id="fl-e7">
         <path>E:\ccsv8\tools\compiler\ti-cgt-arm_18.1.4.LTS\lib\</path>
         <kind>archive</kind>
         <file>rtsv7M4_T_le_v4SPD16_eabi.lib</file>
         <name>pre_init.c.obj</name>
      </input_file>
      <input_file id="fl-e8">
         <path>E:\ccsv8\tools\compiler\ti-cgt-arm_18.1.4.LTS\lib\</path>
         <kind>archive</kind>
         <file>rtsv7M4_T_le_v4SPD16_eabi.lib</file>
         <name>cpy_tbl.c.obj</name>
      </input_file>
      <input_file id="fl-e9">
         <path>E:\ccsv8\tools\compiler\ti-cgt-arm_18.1.4.LTS\lib\</path>
         <kind>archive</kind>
         <file>rtsv7M4_T_le_v4SPD16_eabi.lib</file>
         <name>_io_perm.c.obj</name>
      </input_file>
      <input_file id="fl-ea">
         <path>E:\ccsv8\tools\compiler\ti-cgt-arm_18.1.4.LTS\lib\</path>
         <kind>archive</kind>
         <file>rtsv7M4_T_le_v4SPD16_eabi.lib</file>
         <name>_printfi.c.obj</name>
      </input_file>
      <input_file id="fl-eb">
         <path>E:\ccsv8\tools\compiler\ti-cgt-arm_18.1.4.LTS\lib\</path>
         <kind>archive</kind>
         <file>rtsv7M4_T_le_v4SPD16_eabi.lib</file>
         <name>atoi.c.obj</name>
      </input_file>
      <input_file id="fl-ec">
         <path>E:\ccsv8\tools\compiler\ti-cgt-arm_18.1.4.LTS\lib\</path>
         <kind>archive</kind>
         <file>rtsv7M4_T_le_v4SPD16_eabi.lib</file>
         <name>close.c.obj</name>
      </input_file>
      <input_file id="fl-ed">
         <path>E:\ccsv8\tools\compiler\ti-cgt-arm_18.1.4.LTS\lib\</path>
         <kind>archive</kind>
         <file>rtsv7M4_T_le_v4SPD16_eabi.lib</file>
         <name>ctype.c.obj</name>
      </input_file>
      <input_file id="fl-ee">
         <path>E:\ccsv8\tools\compiler\ti-cgt-arm_18.1.4.LTS\lib\</path>
         <kind>archive</kind>
         <file>rtsv7M4_T_le_v4SPD16_eabi.lib</file>
         <name>defs.c.obj</name>
      </input_file>
      <input_file id="fl-ef">
         <path>E:\ccsv8\tools\compiler\ti-cgt-arm_18.1.4.LTS\lib\</path>
         <kind>archive</kind>
         <file>rtsv7M4_T_le_v4SPD16_eabi.lib</file>
         <name>fseek.c.obj</name>
      </input_file>
      <input_file id="fl-f0">
         <path>E:\ccsv8\tools\compiler\ti-cgt-arm_18.1.4.LTS\lib\</path>
         <kind>archive</kind>
         <file>rtsv7M4_T_le_v4SPD16_eabi.lib</file>
         <name>getdevice.c.obj</name>
      </input_file>
      <input_file id="fl-f1">
         <path>E:\ccsv8\tools\compiler\ti-cgt-arm_18.1.4.LTS\lib\</path>
         <kind>archive</kind>
         <file>rtsv7M4_T_le_v4SPD16_eabi.lib</file>
         <name>lseek.c.obj</name>
      </input_file>
      <input_file id="fl-f2">
         <path>E:\ccsv8\tools\compiler\ti-cgt-arm_18.1.4.LTS\lib\</path>
         <kind>archive</kind>
         <file>rtsv7M4_T_le_v4SPD16_eabi.lib</file>
         <name>ltoa.c.obj</name>
      </input_file>
      <input_file id="fl-f3">
         <path>E:\ccsv8\tools\compiler\ti-cgt-arm_18.1.4.LTS\lib\</path>
         <kind>archive</kind>
         <file>rtsv7M4_T_le_v4SPD16_eabi.lib</file>
         <name>memccpy.c.obj</name>
      </input_file>
      <input_file id="fl-f4">
         <path>E:\ccsv8\tools\compiler\ti-cgt-arm_18.1.4.LTS\lib\</path>
         <kind>archive</kind>
         <file>rtsv7M4_T_le_v4SPD16_eabi.lib</file>
         <name>setvbuf.c.obj</name>
      </input_file>
      <input_file id="fl-f5">
         <path>E:\ccsv8\tools\compiler\ti-cgt-arm_18.1.4.LTS\lib\</path>
         <kind>archive</kind>
         <file>rtsv7M4_T_le_v4SPD16_eabi.lib</file>
         <name>strchr.c.obj</name>
      </input_file>
      <input_file id="fl-f6">
         <path>E:\ccsv8\tools\compiler\ti-cgt-arm_18.1.4.LTS\lib\</path>
         <kind>archive</kind>
         <file>rtsv7M4_T_le_v4SPD16_eabi.lib</file>
         <name>strcmp.c.obj</name>
      </input_file>
      <input_file id="fl-f7">
         <path>E:\ccsv8\tools\compiler\ti-cgt-arm_18.1.4.LTS\lib\</path>
         <kind>archive</kind>
         <file>rtsv7M4_T_le_v4SPD16_eabi.lib</file>
         <name>strncpy.c.obj</name>
      </input_file>
      <input_file id="fl-f8">
         <path>E:\ccsv8\tools\compiler\ti-cgt-arm_18.1.4.LTS\lib\</path>
         <kind>archive</kind>
         <file>rtsv7M4_T_le_v4SPD16_eabi.lib</file>
         <name>hostclose.c.obj</name>
      </input_file>
      <input_file id="fl-f9">
         <path>E:\ccsv8\tools\compiler\ti-cgt-arm_18.1.4.LTS\lib\</path>
         <kind>archive</kind>
         <file>rtsv7M4_T_le_v4SPD16_eabi.lib</file>
         <name>hostlseek.c.obj</name>
      </input_file>
      <input_file id="fl-fa">
         <path>E:\ccsv8\tools\compiler\ti-cgt-arm_18.1.4.LTS\lib\</path>
         <kind>archive</kind>
         <file>rtsv7M4_T_le_v4SPD16_eabi.lib</file>
         <name>hostopen.c.obj</name>
      </input_file>
      <input_file id="fl-fb">
         <path>E:\ccsv8\tools\compiler\ti-cgt-arm_18.1.4.LTS\lib\</path>
         <kind>archive</kind>
         <file>rtsv7M4_T_le_v4SPD16_eabi.lib</file>
         <name>hostread.c.obj</name>
      </input_file>
      <input_file id="fl-fc">
         <path>E:\ccsv8\tools\compiler\ti-cgt-arm_18.1.4.LTS\lib\</path>
         <kind>archive</kind>
         <file>rtsv7M4_T_le_v4SPD16_eabi.lib</file>
         <name>hostrename.c.obj</name>
      </input_file>
      <input_file id="fl-fd">
         <path>E:\ccsv8\tools\compiler\ti-cgt-arm_18.1.4.LTS\lib\</path>
         <kind>archive</kind>
         <file>rtsv7M4_T_le_v4SPD16_eabi.lib</file>
         <name>hostunlink.c.obj</name>
      </input_file>
      <input_file id="fl-fe">
         <path>E:\ccsv8\tools\compiler\ti-cgt-arm_18.1.4.LTS\lib\</path>
         <kind>archive</kind>
         <file>rtsv7M4_T_le_v4SPD16_eabi.lib</file>
         <name>hostwrite.c.obj</name>
      </input_file>
      <input_file id="fl-ff">
         <path>E:\ccsv8\tools\compiler\ti-cgt-arm_18.1.4.LTS\lib\</path>
         <kind>archive</kind>
         <file>rtsv7M4_T_le_v4SPD16_eabi.lib</file>
         <name>trgmsg.c.obj</name>
      </input_file>
      <input_file id="fl-100">
         <path>E:\ccsv8\tools\compiler\ti-cgt-arm_18.1.4.LTS\lib\</path>
         <kind>archive</kind>
         <file>rtsv7M4_T_le_v4SPD16_eabi.lib</file>
         <name>wcslen.c.obj</name>
      </input_file>
      <input_file id="fl-101">
         <path>E:\ccsv8\tools\compiler\ti-cgt-arm_18.1.4.LTS\lib\</path>
         <kind>archive</kind>
         <file>rtsv7M4_T_le_v4SPD16_eabi.lib</file>
         <name>s_frexp.c.obj</name>
      </input_file>
      <input_file id="fl-102">
         <path>E:\ccsv8\tools\compiler\ti-cgt-arm_18.1.4.LTS\lib\</path>
         <kind>archive</kind>
         <file>rtsv7M4_T_le_v4SPD16_eabi.lib</file>
         <name>s_scalbn.c.obj</name>
      </input_file>
      <input_file id="fl-103">
         <path>E:\ccsv8\tools\compiler\ti-cgt-arm_18.1.4.LTS\lib\</path>
         <kind>archive</kind>
         <file>rtsv7M4_T_le_v4SPD16_eabi.lib</file>
         <name>fd_add_t2.asm.obj</name>
      </input_file>
      <input_file id="fl-104">
         <path>E:\ccsv8\tools\compiler\ti-cgt-arm_18.1.4.LTS\lib\</path>
         <kind>archive</kind>
         <file>rtsv7M4_T_le_v4SPD16_eabi.lib</file>
         <name>fd_cmp_t2.asm.obj</name>
      </input_file>
      <input_file id="fl-105">
         <path>E:\ccsv8\tools\compiler\ti-cgt-arm_18.1.4.LTS\lib\</path>
         <kind>archive</kind>
         <file>rtsv7M4_T_le_v4SPD16_eabi.lib</file>
         <name>fd_toi_t2.asm.obj</name>
      </input_file>
      <input_file id="fl-106">
         <path>E:\ccsv8\tools\compiler\ti-cgt-arm_18.1.4.LTS\lib\</path>
         <kind>archive</kind>
         <file>rtsv7M4_T_le_v4SPD16_eabi.lib</file>
         <name>i_tofd_t2.asm.obj</name>
      </input_file>
      <input_file id="fl-107">
         <path>E:\ccsv8\tools\compiler\ti-cgt-arm_18.1.4.LTS\lib\</path>
         <kind>archive</kind>
         <file>rtsv7M4_T_le_v4SPD16_eabi.lib</file>
         <name>ull_div_t2.asm.obj</name>
      </input_file>
      <input_file id="fl-108">
         <path>E:\ccsv8\tools\compiler\ti-cgt-arm_18.1.4.LTS\lib\</path>
         <kind>archive</kind>
         <file>rtsv7M4_T_le_v4SPD16_eabi.lib</file>
         <name>errno.c.obj</name>
      </input_file>
      <input_file id="fl-109">
         <path>E:\ccsv8\tools\compiler\ti-cgt-arm_18.1.4.LTS\lib\</path>
         <kind>archive</kind>
         <file>rtsv7M4_T_le_v4SPD16_eabi.lib</file>
         <name>strcpy.c.obj</name>
      </input_file>
      <input_file id="fl-10a">
         <path>E:\ccsv8\tools\compiler\ti-cgt-arm_18.1.4.LTS\lib\</path>
         <kind>archive</kind>
         <file>rtsv7M4_T_le_v4SPD16_eabi.lib</file>
         <name>s_copysign.c.obj</name>
      </input_file>
      <input_file id="fl-10b">
         <path>E:\ccsv8\tools\compiler\ti-cgt-arm_18.1.4.LTS\lib\</path>
         <kind>archive</kind>
         <file>rtsv7M4_T_le_v4SPD16_eabi.lib</file>
         <name>div0.asm.obj</name>
      </input_file>
   </input_file_list>
   <object_component_list>
      <object_component id="oc-23">
         <name>.intvecs:retain</name>
         <load_address>0x0</load_address>
         <run_address>0x0</run_address>
         <size>0xe4</size>
         <input_file_ref idref="fl-8"/>
      </object_component>
      <object_component id="oc-c7">
         <name>.text</name>
         <load_address>0xe4</load_address>
         <run_address>0xe4</run_address>
         <size>0x136</size>
         <input_file_ref idref="fl-cb"/>
      </object_component>
      <object_component id="oc-6d">
         <name>.text:Default_Handler</name>
         <load_address>0x21a</load_address>
         <run_address>0x21a</run_address>
         <size>0x2</size>
         <input_file_ref idref="fl-8"/>
      </object_component>
      <object_component id="oc-73">
         <name>.text:ADC14_IRQHandler</name>
         <load_address>0x21c</load_address>
         <run_address>0x21c</run_address>
         <size>0x108</size>
         <input_file_ref idref="fl-4"/>
      </object_component>
      <object_component id="oc-c2">
         <name>.text</name>
         <load_address>0x324</load_address>
         <run_address>0x324</run_address>
         <size>0xfc</size>
         <input_file_ref idref="fl-cc"/>
      </object_component>
      <object_component id="oc-fe">
         <name>.text:initADC14</name>
         <load_address>0x420</load_address>
         <run_address>0x420</run_address>
         <size>0xf0</size>
         <input_file_ref idref="fl-6"/>
      </object_component>
      <object_component id="oc-37">
         <name>.text</name>
         <load_address>0x510</load_address>
         <run_address>0x510</run_address>
         <size>0x9c</size>
         <input_file_ref idref="fl-cd"/>
      </object_component>
      <object_component id="oc-97">
         <name>.text</name>
         <load_address>0x5ac</load_address>
         <run_address>0x5ac</run_address>
         <size>0x7a</size>
         <input_file_ref idref="fl-e5"/>
      </object_component>
      <object_component id="oc-b5">
         <name>.text:SystemInit</name>
         <load_address>0x628</load_address>
         <run_address>0x628</run_address>
         <size>0x78</size>
         <input_file_ref idref="fl-7"/>
      </object_component>
      <object_component id="oc-14">
         <name>.text:decompress:lzss:__TI_decompress_lzss</name>
         <load_address>0x6a0</load_address>
         <run_address>0x6a0</run_address>
         <size>0x68</size>
         <input_file_ref idref="fl-d1"/>
      </object_component>
      <object_component id="oc-116">
         <name>.text:__TI_auto_init_nobinit_nopinit:__TI_auto_init_nobinit_nopinit</name>
         <load_address>0x708</load_address>
         <run_address>0x708</run_address>
         <size>0x44</size>
         <input_file_ref idref="fl-e6"/>
      </object_component>
      <object_component id="oc-55">
         <name>.text:_c_int00_noargs:_c_int00_noargs</name>
         <load_address>0x74c</load_address>
         <run_address>0x74c</run_address>
         <size>0x38</size>
         <input_file_ref idref="fl-d2"/>
      </object_component>
      <object_component id="oc-a3">
         <name>.text:main</name>
         <load_address>0x784</load_address>
         <run_address>0x784</run_address>
         <size>0x2c</size>
         <input_file_ref idref="fl-4"/>
      </object_component>
      <object_component id="oc-bd">
         <name>.text</name>
         <load_address>0x7b0</load_address>
         <run_address>0x7b0</run_address>
         <size>0x20</size>
         <input_file_ref idref="fl-ce"/>
      </object_component>
      <object_component id="oc-1a">
         <name>.text:decompress:none:__TI_decompress_none</name>
         <load_address>0x7d0</load_address>
         <run_address>0x7d0</run_address>
         <size>0xe</size>
         <input_file_ref idref="fl-d0"/>
      </object_component>
      <object_component id="oc-67">
         <name>.text:Reset_Handler</name>
         <load_address>0x7de</load_address>
         <run_address>0x7de</run_address>
         <size>0xc</size>
         <input_file_ref idref="fl-8"/>
      </object_component>
      <object_component id="oc-49">
         <name>.text:decompress:ZI:__TI_zero_init</name>
         <load_address>0x7ea</load_address>
         <run_address>0x7ea</run_address>
         <size>0xc</size>
         <input_file_ref idref="fl-cf"/>
      </object_component>
      <object_component id="oc-9d">
         <name>.text:_system_pre_init</name>
         <load_address>0x7f6</load_address>
         <run_address>0x7f6</run_address>
         <size>0x4</size>
         <input_file_ref idref="fl-e7"/>
      </object_component>
      <object_component id="oc-10a">
         <name>.text:abort:abort</name>
         <load_address>0x7fa</load_address>
         <run_address>0x7fa</run_address>
         <size>0x4</size>
         <input_file_ref idref="fl-d3"/>
      </object_component>
      <object_component id="oc-1f1">
         <name>__TI_handler_table</name>
         <load_address>0x800</load_address>
         <run_address>0x800</run_address>
         <size>0xc</size>
      </object_component>
      <object_component id="oc-1f4">
         <name>.cinit..bss.load</name>
         <load_address>0x810</load_address>
         <run_address>0x810</run_address>
         <size>0x8</size>
      </object_component>
      <object_component id="oc-1f3">
         <name>.cinit..data.load</name>
         <load_address>0x818</load_address>
         <run_address>0x818</run_address>
         <size>0x7</size>
      </object_component>
      <object_component id="oc-1f2">
         <name>__TI_cinit_table</name>
         <load_address>0x820</load_address>
         <run_address>0x820</run_address>
         <size>0x10</size>
      </object_component>
      <object_component id="oc-1c6">
         <name>.binit</name>
         <load_address>0x0</load_address>
         <run_address>0x0</run_address>
         <size>0x0</size>
      </object_component>
      <object_component id="oc-cf">
         <name>.data</name>
         <load_address>0x20000800</load_address>
         <run_address>0x20000800</run_address>
         <size>0x8</size>
         <input_file_ref idref="fl-4"/>
      </object_component>
      <object_component id="oc-cc">
         <name>.bss</name>
         <uninitialized>true</uninitialized>
         <run_address>0x3a980</run_address>
         <size>0x10</size>
         <input_file_ref idref="fl-4"/>
      </object_component>
      <object_component id="oc-d2">
         <name>.common:dataArray</name>
         <uninitialized>true</uninitialized>
         <run_address>0x0</run_address>
         <size>0x3a980</size>
      </object_component>
      <object_component id="oc-29">
         <name>.sysmem</name>
         <uninitialized>true</uninitialized>
         <run_address>0x20000000</run_address>
         <size>0x8</size>
         <input_file_ref idref="fl-d4"/>
      </object_component>
      <object_component id="oc-1f6">
         <name>.sysmem</name>
         <uninitialized>true</uninitialized>
         <run_address>0x20000000</run_address>
         <size>0x0</size>
      </object_component>
      <object_component id="oc-26">
         <name>.stack</name>
         <uninitialized>true</uninitialized>
         <run_address>0x2000fe00</run_address>
         <size>0x4</size>
         <input_file_ref idref="fl-d2"/>
      </object_component>
      <object_component id="oc-1f5">
         <name>.stack</name>
         <uninitialized>true</uninitialized>
         <run_address>0x2000fe00</run_address>
         <size>0x0</size>
      </object_component>
      <object_component id="oc-166">
         <name>.debug_info</name>
         <load_address>0x0</load_address>
         <run_address>0x0</run_address>
         <size>0x2da</size>
         <input_file_ref idref="fl-2"/>
      </object_component>
      <object_component id="oc-dd">
         <name>.debug_info</name>
         <load_address>0x2da</load_address>
         <run_address>0x2da</run_address>
         <size>0x26b</size>
         <input_file_ref idref="fl-2"/>
      </object_component>
      <object_component id="oc-18f">
         <name>.debug_info</name>
         <load_address>0x545</load_address>
         <run_address>0x545</run_address>
         <size>0x110</size>
         <input_file_ref idref="fl-2"/>
      </object_component>
      <object_component id="oc-18a">
         <name>.debug_info</name>
         <load_address>0x655</load_address>
         <run_address>0x655</run_address>
         <size>0x9e</size>
         <input_file_ref idref="fl-2"/>
      </object_component>
      <object_component id="oc-32">
         <name>.debug_info</name>
         <load_address>0x6f3</load_address>
         <run_address>0x6f3</run_address>
         <size>0x84</size>
         <input_file_ref idref="fl-2"/>
      </object_component>
      <object_component id="oc-161">
         <name>.debug_info</name>
         <load_address>0x777</load_address>
         <run_address>0x777</run_address>
         <size>0x297</size>
         <input_file_ref idref="fl-2"/>
      </object_component>
      <object_component id="oc-d6">
         <name>.debug_info</name>
         <load_address>0xa0e</load_address>
         <run_address>0xa0e</run_address>
         <size>0xbb</size>
         <input_file_ref idref="fl-2"/>
      </object_component>
      <object_component id="oc-d3">
         <name>.debug_info</name>
         <load_address>0xac9</load_address>
         <run_address>0xac9</run_address>
         <size>0x597</size>
         <input_file_ref idref="fl-4"/>
      </object_component>
      <object_component id="oc-cd">
         <name>.debug_info</name>
         <load_address>0x1060</load_address>
         <run_address>0x1060</run_address>
         <size>0xfa</size>
         <input_file_ref idref="fl-4"/>
      </object_component>
      <object_component id="oc-d0">
         <name>.debug_info</name>
         <load_address>0x115a</load_address>
         <run_address>0x115a</run_address>
         <size>0xd4</size>
         <input_file_ref idref="fl-4"/>
      </object_component>
      <object_component id="oc-a4">
         <name>.debug_info</name>
         <load_address>0x122e</load_address>
         <run_address>0x122e</run_address>
         <size>0x101</size>
         <input_file_ref idref="fl-4"/>
      </object_component>
      <object_component id="oc-74">
         <name>.debug_info</name>
         <load_address>0x132f</load_address>
         <run_address>0x132f</run_address>
         <size>0x191</size>
         <input_file_ref idref="fl-4"/>
      </object_component>
      <object_component id="oc-157">
         <name>.debug_info</name>
         <load_address>0x14c0</load_address>
         <run_address>0x14c0</run_address>
         <size>0x1055</size>
         <input_file_ref idref="fl-4"/>
      </object_component>
      <object_component id="oc-152">
         <name>.debug_info</name>
         <load_address>0x2515</load_address>
         <run_address>0x2515</run_address>
         <size>0x37e2</size>
         <input_file_ref idref="fl-4"/>
      </object_component>
      <object_component id="oc-105">
         <name>.debug_info</name>
         <load_address>0x5cf7</load_address>
         <run_address>0x5cf7</run_address>
         <size>0x8b</size>
         <input_file_ref idref="fl-4"/>
      </object_component>
      <object_component id="oc-15c">
         <name>.debug_info</name>
         <load_address>0x5d82</load_address>
         <run_address>0x5d82</run_address>
         <size>0x4f</size>
         <input_file_ref idref="fl-4"/>
      </object_component>
      <object_component id="oc-101">
         <name>.debug_info</name>
         <load_address>0x5dd1</load_address>
         <run_address>0x5dd1</run_address>
         <size>0x169</size>
         <input_file_ref idref="fl-6"/>
      </object_component>
      <object_component id="oc-b8">
         <name>.debug_info</name>
         <load_address>0x5f3a</load_address>
         <run_address>0x5f3a</run_address>
         <size>0x149</size>
         <input_file_ref idref="fl-7"/>
      </object_component>
      <object_component id="oc-7b">
         <name>.debug_info</name>
         <load_address>0x6083</load_address>
         <run_address>0x6083</run_address>
         <size>0x2e9</size>
         <input_file_ref idref="fl-8"/>
      </object_component>
      <object_component id="oc-24">
         <name>.debug_info</name>
         <load_address>0x636c</load_address>
         <run_address>0x636c</run_address>
         <size>0x115</size>
         <input_file_ref idref="fl-8"/>
      </object_component>
      <object_component id="oc-69">
         <name>.debug_info</name>
         <load_address>0x6481</load_address>
         <run_address>0x6481</run_address>
         <size>0x178</size>
         <input_file_ref idref="fl-8"/>
      </object_component>
      <object_component id="oc-70">
         <name>.debug_info</name>
         <load_address>0x65f9</load_address>
         <run_address>0x65f9</run_address>
         <size>0x160</size>
         <input_file_ref idref="fl-8"/>
      </object_component>
      <object_component id="oc-ca">
         <name>.debug_info</name>
         <load_address>0x6759</load_address>
         <run_address>0x6759</run_address>
         <size>0x13d</size>
         <input_file_ref idref="fl-cb"/>
      </object_component>
      <object_component id="oc-c3">
         <name>.debug_info</name>
         <load_address>0x6896</load_address>
         <run_address>0x6896</run_address>
         <size>0x13d</size>
         <input_file_ref idref="fl-cc"/>
      </object_component>
      <object_component id="oc-3a">
         <name>.debug_info</name>
         <load_address>0x69d3</load_address>
         <run_address>0x69d3</run_address>
         <size>0x11c</size>
         <input_file_ref idref="fl-cd"/>
      </object_component>
      <object_component id="oc-be">
         <name>.debug_info</name>
         <load_address>0x6aef</load_address>
         <run_address>0x6aef</run_address>
         <size>0x131</size>
         <input_file_ref idref="fl-ce"/>
      </object_component>
      <object_component id="oc-96">
         <name>.debug_info</name>
         <load_address>0x6c20</load_address>
         <run_address>0x6c20</run_address>
         <size>0x31e</size>
         <input_file_ref idref="fl-cf"/>
      </object_component>
      <object_component id="oc-4c">
         <name>.debug_info</name>
         <load_address>0x6f3e</load_address>
         <run_address>0x6f3e</run_address>
         <size>0x1b5</size>
         <input_file_ref idref="fl-cf"/>
      </object_component>
      <object_component id="oc-91">
         <name>.debug_info</name>
         <load_address>0x70f3</load_address>
         <run_address>0x70f3</run_address>
         <size>0x46</size>
         <input_file_ref idref="fl-cf"/>
      </object_component>
      <object_component id="oc-f5">
         <name>.debug_info</name>
         <load_address>0x7139</load_address>
         <run_address>0x7139</run_address>
         <size>0x2c</size>
         <input_file_ref idref="fl-cf"/>
      </object_component>
      <object_component id="oc-42">
         <name>.debug_info</name>
         <load_address>0x7165</load_address>
         <run_address>0x7165</run_address>
         <size>0x2a8</size>
         <input_file_ref idref="fl-d0"/>
      </object_component>
      <object_component id="oc-1d">
         <name>.debug_info</name>
         <load_address>0x740d</load_address>
         <run_address>0x740d</run_address>
         <size>0x1ea</size>
         <input_file_ref idref="fl-d0"/>
      </object_component>
      <object_component id="oc-3d">
         <name>.debug_info</name>
         <load_address>0x75f7</load_address>
         <run_address>0x75f7</run_address>
         <size>0x46</size>
         <input_file_ref idref="fl-d0"/>
      </object_component>
      <object_component id="oc-89">
         <name>.debug_info</name>
         <load_address>0x763d</load_address>
         <run_address>0x763d</run_address>
         <size>0x2c</size>
         <input_file_ref idref="fl-d0"/>
      </object_component>
      <object_component id="oc-87">
         <name>.debug_info</name>
         <load_address>0x7669</load_address>
         <run_address>0x7669</run_address>
         <size>0x29e</size>
         <input_file_ref idref="fl-d1"/>
      </object_component>
      <object_component id="oc-16">
         <name>.debug_info</name>
         <load_address>0x7907</load_address>
         <run_address>0x7907</run_address>
         <size>0x250</size>
         <input_file_ref idref="fl-d1"/>
      </object_component>
      <object_component id="oc-2d">
         <name>.debug_info</name>
         <load_address>0x7b57</load_address>
         <run_address>0x7b57</run_address>
         <size>0x60</size>
         <input_file_ref idref="fl-d1"/>
      </object_component>
      <object_component id="oc-ee">
         <name>.debug_info</name>
         <load_address>0x7bb7</load_address>
         <run_address>0x7bb7</run_address>
         <size>0x46</size>
         <input_file_ref idref="fl-d1"/>
      </object_component>
      <object_component id="oc-82">
         <name>.debug_info</name>
         <load_address>0x7bfd</load_address>
         <run_address>0x7bfd</run_address>
         <size>0x39</size>
         <input_file_ref idref="fl-d1"/>
      </object_component>
      <object_component id="oc-27">
         <name>.debug_info</name>
         <load_address>0x7c36</load_address>
         <run_address>0x7c36</run_address>
         <size>0x10b</size>
         <input_file_ref idref="fl-d2"/>
      </object_component>
      <object_component id="oc-56">
         <name>.debug_info</name>
         <load_address>0x7d41</load_address>
         <run_address>0x7d41</run_address>
         <size>0x1af</size>
         <input_file_ref idref="fl-d2"/>
      </object_component>
      <object_component id="oc-10d">
         <name>.debug_info</name>
         <load_address>0x7ef0</load_address>
         <run_address>0x7ef0</run_address>
         <size>0x122</size>
         <input_file_ref idref="fl-d3"/>
      </object_component>
      <object_component id="oc-80">
         <name>.debug_info</name>
         <load_address>0x8012</load_address>
         <run_address>0x8012</run_address>
         <size>0x3c6</size>
         <input_file_ref idref="fl-d4"/>
      </object_component>
      <object_component id="oc-2a">
         <name>.debug_info</name>
         <load_address>0x83d8</load_address>
         <run_address>0x83d8</run_address>
         <size>0x10c</size>
         <input_file_ref idref="fl-d4"/>
      </object_component>
      <object_component id="oc-e4">
         <name>.debug_info</name>
         <load_address>0x84e4</load_address>
         <run_address>0x84e4</run_address>
         <size>0x2c</size>
         <input_file_ref idref="fl-d4"/>
      </object_component>
      <object_component id="oc-e9">
         <name>.debug_info</name>
         <load_address>0x8510</load_address>
         <run_address>0x8510</run_address>
         <size>0x62</size>
         <input_file_ref idref="fl-d4"/>
      </object_component>
      <object_component id="oc-9a">
         <name>.debug_info</name>
         <load_address>0x8572</load_address>
         <run_address>0x8572</run_address>
         <size>0x14a</size>
         <input_file_ref idref="fl-e5"/>
      </object_component>
      <object_component id="oc-173">
         <name>.debug_info</name>
         <load_address>0x86bc</load_address>
         <run_address>0x86bc</run_address>
         <size>0x552</size>
         <input_file_ref idref="fl-e6"/>
      </object_component>
      <object_component id="oc-117">
         <name>.debug_info</name>
         <load_address>0x8c0e</load_address>
         <run_address>0x8c0e</run_address>
         <size>0x1a6</size>
         <input_file_ref idref="fl-e6"/>
      </object_component>
      <object_component id="oc-1a4">
         <name>.debug_info</name>
         <load_address>0x8db4</load_address>
         <run_address>0x8db4</run_address>
         <size>0x39</size>
         <input_file_ref idref="fl-e6"/>
      </object_component>
      <object_component id="oc-1b8">
         <name>.debug_info</name>
         <load_address>0x8ded</load_address>
         <run_address>0x8ded</run_address>
         <size>0x39</size>
         <input_file_ref idref="fl-e6"/>
      </object_component>
      <object_component id="oc-1a9">
         <name>.debug_info</name>
         <load_address>0x8e26</load_address>
         <run_address>0x8e26</run_address>
         <size>0x39</size>
         <input_file_ref idref="fl-e6"/>
      </object_component>
      <object_component id="oc-1ae">
         <name>.debug_info</name>
         <load_address>0x8e5f</load_address>
         <run_address>0x8e5f</run_address>
         <size>0xcd</size>
         <input_file_ref idref="fl-e6"/>
      </object_component>
      <object_component id="oc-9e">
         <name>.debug_info</name>
         <load_address>0x8f2c</load_address>
         <run_address>0x8f2c</run_address>
         <size>0x153</size>
         <input_file_ref idref="fl-e7"/>
      </object_component>
      <object_component id="oc-1f7">
         <name>.debug_info</name>
         <load_address>0x907f</load_address>
         <run_address>0x907f</run_address>
         <size>0x95</size>
      </object_component>
      <object_component id="oc-189">
         <name>.debug_line</name>
         <load_address>0x0</load_address>
         <run_address>0x0</run_address>
         <size>0x62</size>
         <input_file_ref idref="fl-2"/>
      </object_component>
      <object_component id="oc-e0">
         <name>.debug_line</name>
         <load_address>0x62</load_address>
         <run_address>0x62</run_address>
         <size>0x66</size>
         <input_file_ref idref="fl-2"/>
      </object_component>
      <object_component id="oc-192">
         <name>.debug_line</name>
         <load_address>0xc8</load_address>
         <run_address>0xc8</run_address>
         <size>0x62</size>
         <input_file_ref idref="fl-2"/>
      </object_component>
      <object_component id="oc-18d">
         <name>.debug_line</name>
         <load_address>0x12a</load_address>
         <run_address>0x12a</run_address>
         <size>0x33</size>
         <input_file_ref idref="fl-2"/>
      </object_component>
      <object_component id="oc-35">
         <name>.debug_line</name>
         <load_address>0x15d</load_address>
         <run_address>0x15d</run_address>
         <size>0x20</size>
         <input_file_ref idref="fl-2"/>
      </object_component>
      <object_component id="oc-164">
         <name>.debug_line</name>
         <load_address>0x17d</load_address>
         <run_address>0x17d</run_address>
         <size>0x6a</size>
         <input_file_ref idref="fl-2"/>
      </object_component>
      <object_component id="oc-d9">
         <name>.debug_line</name>
         <load_address>0x1e7</load_address>
         <run_address>0x1e7</run_address>
         <size>0x67</size>
         <input_file_ref idref="fl-2"/>
      </object_component>
      <object_component id="oc-151">
         <name>.debug_line</name>
         <load_address>0x24e</load_address>
         <run_address>0x24e</run_address>
         <size>0x59</size>
         <input_file_ref idref="fl-4"/>
      </object_component>
      <object_component id="oc-14d">
         <name>.debug_line</name>
         <load_address>0x2a7</load_address>
         <run_address>0x2a7</run_address>
         <size>0x2d</size>
         <input_file_ref idref="fl-4"/>
      </object_component>
      <object_component id="oc-14f">
         <name>.debug_line</name>
         <load_address>0x2d4</load_address>
         <run_address>0x2d4</run_address>
         <size>0x2d</size>
         <input_file_ref idref="fl-4"/>
      </object_component>
      <object_component id="oc-a7">
         <name>.debug_line</name>
         <load_address>0x301</load_address>
         <run_address>0x301</run_address>
         <size>0x4a</size>
         <input_file_ref idref="fl-4"/>
      </object_component>
      <object_component id="oc-77">
         <name>.debug_line</name>
         <load_address>0x34b</load_address>
         <run_address>0x34b</run_address>
         <size>0x62</size>
         <input_file_ref idref="fl-4"/>
      </object_component>
      <object_component id="oc-15a">
         <name>.debug_line</name>
         <load_address>0x3ad</load_address>
         <run_address>0x3ad</run_address>
         <size>0x75</size>
         <input_file_ref idref="fl-4"/>
      </object_component>
      <object_component id="oc-155">
         <name>.debug_line</name>
         <load_address>0x422</load_address>
         <run_address>0x422</run_address>
         <size>0x78</size>
         <input_file_ref idref="fl-4"/>
      </object_component>
      <object_component id="oc-108">
         <name>.debug_line</name>
         <load_address>0x49a</load_address>
         <run_address>0x49a</run_address>
         <size>0x20</size>
         <input_file_ref idref="fl-4"/>
      </object_component>
      <object_component id="oc-15f">
         <name>.debug_line</name>
         <load_address>0x4ba</load_address>
         <run_address>0x4ba</run_address>
         <size>0x2d</size>
         <input_file_ref idref="fl-4"/>
      </object_component>
      <object_component id="oc-ff">
         <name>.debug_line</name>
         <load_address>0x4e7</load_address>
         <run_address>0x4e7</run_address>
         <size>0x55</size>
         <input_file_ref idref="fl-6"/>
      </object_component>
      <object_component id="oc-b6">
         <name>.debug_line</name>
         <load_address>0x53c</load_address>
         <run_address>0x53c</run_address>
         <size>0x66</size>
         <input_file_ref idref="fl-7"/>
      </object_component>
      <object_component id="oc-dc">
         <name>.debug_line</name>
         <load_address>0x5a2</load_address>
         <run_address>0x5a2</run_address>
         <size>0x44</size>
         <input_file_ref idref="fl-8"/>
      </object_component>
      <object_component id="oc-7a">
         <name>.debug_line</name>
         <load_address>0x5e6</load_address>
         <run_address>0x5e6</run_address>
         <size>0x44</size>
         <input_file_ref idref="fl-8"/>
      </object_component>
      <object_component id="oc-6c">
         <name>.debug_line</name>
         <load_address>0x62a</load_address>
         <run_address>0x62a</run_address>
         <size>0x5d</size>
         <input_file_ref idref="fl-8"/>
      </object_component>
      <object_component id="oc-6e">
         <name>.debug_line</name>
         <load_address>0x687</load_address>
         <run_address>0x687</run_address>
         <size>0x59</size>
         <input_file_ref idref="fl-8"/>
      </object_component>
      <object_component id="oc-c8">
         <name>.debug_line</name>
         <load_address>0x6e0</load_address>
         <run_address>0x6e0</run_address>
         <size>0xa8</size>
         <input_file_ref idref="fl-cb"/>
      </object_component>
      <object_component id="oc-c6">
         <name>.debug_line</name>
         <load_address>0x788</load_address>
         <run_address>0x788</run_address>
         <size>0x8e</size>
         <input_file_ref idref="fl-cc"/>
      </object_component>
      <object_component id="oc-38">
         <name>.debug_line</name>
         <load_address>0x816</load_address>
         <run_address>0x816</run_address>
         <size>0x88</size>
         <input_file_ref idref="fl-cd"/>
      </object_component>
      <object_component id="oc-c1">
         <name>.debug_line</name>
         <load_address>0x89e</load_address>
         <run_address>0x89e</run_address>
         <size>0x4c</size>
         <input_file_ref idref="fl-ce"/>
      </object_component>
      <object_component id="oc-fb">
         <name>.debug_line</name>
         <load_address>0x8ea</load_address>
         <run_address>0x8ea</run_address>
         <size>0xa9</size>
         <input_file_ref idref="fl-cf"/>
      </object_component>
      <object_component id="oc-4b">
         <name>.debug_line</name>
         <load_address>0x993</load_address>
         <run_address>0x993</run_address>
         <size>0x4f</size>
         <input_file_ref idref="fl-cf"/>
      </object_component>
      <object_component id="oc-94">
         <name>.debug_line</name>
         <load_address>0x9e2</load_address>
         <run_address>0x9e2</run_address>
         <size>0x34</size>
         <input_file_ref idref="fl-cf"/>
      </object_component>
      <object_component id="oc-f8">
         <name>.debug_line</name>
         <load_address>0xa16</load_address>
         <run_address>0xa16</run_address>
         <size>0x95</size>
         <input_file_ref idref="fl-cf"/>
      </object_component>
      <object_component id="oc-8f">
         <name>.debug_line</name>
         <load_address>0xaab</load_address>
         <run_address>0xaab</run_address>
         <size>0x20</size>
         <input_file_ref idref="fl-d0"/>
      </object_component>
      <object_component id="oc-1c">
         <name>.debug_line</name>
         <load_address>0xacb</load_address>
         <run_address>0xacb</run_address>
         <size>0x55</size>
         <input_file_ref idref="fl-d0"/>
      </object_component>
      <object_component id="oc-40">
         <name>.debug_line</name>
         <load_address>0xb20</load_address>
         <run_address>0xb20</run_address>
         <size>0x3a</size>
         <input_file_ref idref="fl-d0"/>
      </object_component>
      <object_component id="oc-8c">
         <name>.debug_line</name>
         <load_address>0xb5a</load_address>
         <run_address>0xb5a</run_address>
         <size>0x95</size>
         <input_file_ref idref="fl-d0"/>
      </object_component>
      <object_component id="oc-f4">
         <name>.debug_line</name>
         <load_address>0xbef</load_address>
         <run_address>0xbef</run_address>
         <size>0x20</size>
         <input_file_ref idref="fl-d1"/>
      </object_component>
      <object_component id="oc-19">
         <name>.debug_line</name>
         <load_address>0xc0f</load_address>
         <run_address>0xc0f</run_address>
         <size>0xa9</size>
         <input_file_ref idref="fl-d1"/>
      </object_component>
      <object_component id="oc-30">
         <name>.debug_line</name>
         <load_address>0xcb8</load_address>
         <run_address>0xcb8</run_address>
         <size>0x3a</size>
         <input_file_ref idref="fl-d1"/>
      </object_component>
      <object_component id="oc-f1">
         <name>.debug_line</name>
         <load_address>0xcf2</load_address>
         <run_address>0xcf2</run_address>
         <size>0x9d</size>
         <input_file_ref idref="fl-d1"/>
      </object_component>
      <object_component id="oc-85">
         <name>.debug_line</name>
         <load_address>0xd8f</load_address>
         <run_address>0xd8f</run_address>
         <size>0x99</size>
         <input_file_ref idref="fl-d1"/>
      </object_component>
      <object_component id="oc-7d">
         <name>.debug_line</name>
         <load_address>0xe28</load_address>
         <run_address>0xe28</run_address>
         <size>0x33</size>
         <input_file_ref idref="fl-d2"/>
      </object_component>
      <object_component id="oc-5a">
         <name>.debug_line</name>
         <load_address>0xe5b</load_address>
         <run_address>0xe5b</run_address>
         <size>0x56</size>
         <input_file_ref idref="fl-d2"/>
      </object_component>
      <object_component id="oc-10f">
         <name>.debug_line</name>
         <load_address>0xeb1</load_address>
         <run_address>0xeb1</run_address>
         <size>0x3c</size>
         <input_file_ref idref="fl-d3"/>
      </object_component>
      <object_component id="oc-e3">
         <name>.debug_line</name>
         <load_address>0xeed</load_address>
         <run_address>0xeed</run_address>
         <size>0xa0</size>
         <input_file_ref idref="fl-d4"/>
      </object_component>
      <object_component id="oc-7f">
         <name>.debug_line</name>
         <load_address>0xf8d</load_address>
         <run_address>0xf8d</run_address>
         <size>0x2c</size>
         <input_file_ref idref="fl-d4"/>
      </object_component>
      <object_component id="oc-e7">
         <name>.debug_line</name>
         <load_address>0xfb9</load_address>
         <run_address>0xfb9</run_address>
         <size>0x95</size>
         <input_file_ref idref="fl-d4"/>
      </object_component>
      <object_component id="oc-ec">
         <name>.debug_line</name>
         <load_address>0x104e</load_address>
         <run_address>0x104e</run_address>
         <size>0x2c</size>
         <input_file_ref idref="fl-d4"/>
      </object_component>
      <object_component id="oc-99">
         <name>.debug_line</name>
         <load_address>0x107a</load_address>
         <run_address>0x107a</run_address>
         <size>0x79</size>
         <input_file_ref idref="fl-e5"/>
      </object_component>
      <object_component id="oc-1a3">
         <name>.debug_line</name>
         <load_address>0x10f3</load_address>
         <run_address>0x10f3</run_address>
         <size>0xc2</size>
         <input_file_ref idref="fl-e6"/>
      </object_component>
      <object_component id="oc-11b">
         <name>.debug_line</name>
         <load_address>0x11b5</load_address>
         <run_address>0x11b5</run_address>
         <size>0x6c</size>
         <input_file_ref idref="fl-e6"/>
      </object_component>
      <object_component id="oc-1a7">
         <name>.debug_line</name>
         <load_address>0x1221</load_address>
         <run_address>0x1221</run_address>
         <size>0x2e</size>
         <input_file_ref idref="fl-e6"/>
      </object_component>
      <object_component id="oc-1bb">
         <name>.debug_line</name>
         <load_address>0x124f</load_address>
         <run_address>0x124f</run_address>
         <size>0x9d</size>
         <input_file_ref idref="fl-e6"/>
      </object_component>
      <object_component id="oc-1ac">
         <name>.debug_line</name>
         <load_address>0x12ec</load_address>
         <run_address>0x12ec</run_address>
         <size>0x9a</size>
         <input_file_ref idref="fl-e6"/>
      </object_component>
      <object_component id="oc-1b1">
         <name>.debug_line</name>
         <load_address>0x1386</load_address>
         <run_address>0x1386</run_address>
         <size>0x96</size>
         <input_file_ref idref="fl-e6"/>
      </object_component>
      <object_component id="oc-a1">
         <name>.debug_line</name>
         <load_address>0x141c</load_address>
         <run_address>0x141c</run_address>
         <size>0x40</size>
         <input_file_ref idref="fl-e7"/>
      </object_component>
      <object_component id="oc-188">
         <name>.debug_abbrev</name>
         <load_address>0x0</load_address>
         <run_address>0x0</run_address>
         <size>0x8c</size>
         <input_file_ref idref="fl-2"/>
      </object_component>
      <object_component id="oc-df">
         <name>.debug_abbrev</name>
         <load_address>0x8c</load_address>
         <run_address>0x8c</run_address>
         <size>0x69</size>
         <input_file_ref idref="fl-2"/>
      </object_component>
      <object_component id="oc-191">
         <name>.debug_abbrev</name>
         <load_address>0xf5</load_address>
         <run_address>0xf5</run_address>
         <size>0x5a</size>
         <input_file_ref idref="fl-2"/>
      </object_component>
      <object_component id="oc-18c">
         <name>.debug_abbrev</name>
         <load_address>0x14f</load_address>
         <run_address>0x14f</run_address>
         <size>0x4b</size>
         <input_file_ref idref="fl-2"/>
      </object_component>
      <object_component id="oc-34">
         <name>.debug_abbrev</name>
         <load_address>0x19a</load_address>
         <run_address>0x19a</run_address>
         <size>0x1f</size>
         <input_file_ref idref="fl-2"/>
      </object_component>
      <object_component id="oc-163">
         <name>.debug_abbrev</name>
         <load_address>0x1b9</load_address>
         <run_address>0x1b9</run_address>
         <size>0x5c</size>
         <input_file_ref idref="fl-2"/>
      </object_component>
      <object_component id="oc-d8">
         <name>.debug_abbrev</name>
         <load_address>0x215</load_address>
         <run_address>0x215</run_address>
         <size>0x24</size>
         <input_file_ref idref="fl-2"/>
      </object_component>
      <object_component id="oc-150">
         <name>.debug_abbrev</name>
         <load_address>0x239</load_address>
         <run_address>0x239</run_address>
         <size>0xbe</size>
         <input_file_ref idref="fl-4"/>
      </object_component>
      <object_component id="oc-14c">
         <name>.debug_abbrev</name>
         <load_address>0x2f7</load_address>
         <run_address>0x2f7</run_address>
         <size>0x27</size>
         <input_file_ref idref="fl-4"/>
      </object_component>
      <object_component id="oc-14e">
         <name>.debug_abbrev</name>
         <load_address>0x31e</load_address>
         <run_address>0x31e</run_address>
         <size>0x29</size>
         <input_file_ref idref="fl-4"/>
      </object_component>
      <object_component id="oc-104">
         <name>.debug_abbrev</name>
         <load_address>0x347</load_address>
         <run_address>0x347</run_address>
         <size>0x63</size>
         <input_file_ref idref="fl-4"/>
      </object_component>
      <object_component id="oc-d5">
         <name>.debug_abbrev</name>
         <load_address>0x3aa</load_address>
         <run_address>0x3aa</run_address>
         <size>0x7b</size>
         <input_file_ref idref="fl-4"/>
      </object_component>
      <object_component id="oc-159">
         <name>.debug_abbrev</name>
         <load_address>0x425</load_address>
         <run_address>0x425</run_address>
         <size>0x97</size>
         <input_file_ref idref="fl-4"/>
      </object_component>
      <object_component id="oc-154">
         <name>.debug_abbrev</name>
         <load_address>0x4bc</load_address>
         <run_address>0x4bc</run_address>
         <size>0xbd</size>
         <input_file_ref idref="fl-4"/>
      </object_component>
      <object_component id="oc-107">
         <name>.debug_abbrev</name>
         <load_address>0x579</load_address>
         <run_address>0x579</run_address>
         <size>0x1f</size>
         <input_file_ref idref="fl-4"/>
      </object_component>
      <object_component id="oc-15e">
         <name>.debug_abbrev</name>
         <load_address>0x598</load_address>
         <run_address>0x598</run_address>
         <size>0x4b</size>
         <input_file_ref idref="fl-4"/>
      </object_component>
      <object_component id="oc-167">
         <name>.debug_abbrev</name>
         <load_address>0x5e3</load_address>
         <run_address>0x5e3</run_address>
         <size>0x5f</size>
         <input_file_ref idref="fl-6"/>
      </object_component>
      <object_component id="oc-148">
         <name>.debug_abbrev</name>
         <load_address>0x642</load_address>
         <run_address>0x642</run_address>
         <size>0x50</size>
         <input_file_ref idref="fl-7"/>
      </object_component>
      <object_component id="oc-db">
         <name>.debug_abbrev</name>
         <load_address>0x692</load_address>
         <run_address>0x692</run_address>
         <size>0x7c</size>
         <input_file_ref idref="fl-8"/>
      </object_component>
      <object_component id="oc-79">
         <name>.debug_abbrev</name>
         <load_address>0x70e</load_address>
         <run_address>0x70e</run_address>
         <size>0x29</size>
         <input_file_ref idref="fl-8"/>
      </object_component>
      <object_component id="oc-bb">
         <name>.debug_abbrev</name>
         <load_address>0x737</load_address>
         <run_address>0x737</run_address>
         <size>0x5e</size>
         <input_file_ref idref="fl-8"/>
      </object_component>
      <object_component id="oc-bc">
         <name>.debug_abbrev</name>
         <load_address>0x795</load_address>
         <run_address>0x795</run_address>
         <size>0x42</size>
         <input_file_ref idref="fl-8"/>
      </object_component>
      <object_component id="oc-14b">
         <name>.debug_abbrev</name>
         <load_address>0x7d7</load_address>
         <run_address>0x7d7</run_address>
         <size>0x3c</size>
         <input_file_ref idref="fl-cb"/>
      </object_component>
      <object_component id="oc-14a">
         <name>.debug_abbrev</name>
         <load_address>0x813</load_address>
         <run_address>0x813</run_address>
         <size>0x3c</size>
         <input_file_ref idref="fl-cc"/>
      </object_component>
      <object_component id="oc-88">
         <name>.debug_abbrev</name>
         <load_address>0x84f</load_address>
         <run_address>0x84f</run_address>
         <size>0x3e</size>
         <input_file_ref idref="fl-cd"/>
      </object_component>
      <object_component id="oc-149">
         <name>.debug_abbrev</name>
         <load_address>0x88d</load_address>
         <run_address>0x88d</run_address>
         <size>0x3e</size>
         <input_file_ref idref="fl-ce"/>
      </object_component>
      <object_component id="oc-fa">
         <name>.debug_abbrev</name>
         <load_address>0x8cb</load_address>
         <run_address>0x8cb</run_address>
         <size>0x73</size>
         <input_file_ref idref="fl-cf"/>
      </object_component>
      <object_component id="oc-9c">
         <name>.debug_abbrev</name>
         <load_address>0x93e</load_address>
         <run_address>0x93e</run_address>
         <size>0x74</size>
         <input_file_ref idref="fl-cf"/>
      </object_component>
      <object_component id="oc-93">
         <name>.debug_abbrev</name>
         <load_address>0x9b2</load_address>
         <run_address>0x9b2</run_address>
         <size>0x24</size>
         <input_file_ref idref="fl-cf"/>
      </object_component>
      <object_component id="oc-f7">
         <name>.debug_abbrev</name>
         <load_address>0x9d6</load_address>
         <run_address>0x9d6</run_address>
         <size>0x24</size>
         <input_file_ref idref="fl-cf"/>
      </object_component>
      <object_component id="oc-8e">
         <name>.debug_abbrev</name>
         <load_address>0x9fa</load_address>
         <run_address>0x9fa</run_address>
         <size>0x37</size>
         <input_file_ref idref="fl-d0"/>
      </object_component>
      <object_component id="oc-3c">
         <name>.debug_abbrev</name>
         <load_address>0xa31</load_address>
         <run_address>0xa31</run_address>
         <size>0x74</size>
         <input_file_ref idref="fl-d0"/>
      </object_component>
      <object_component id="oc-3f">
         <name>.debug_abbrev</name>
         <load_address>0xaa5</load_address>
         <run_address>0xaa5</run_address>
         <size>0x24</size>
         <input_file_ref idref="fl-d0"/>
      </object_component>
      <object_component id="oc-8b">
         <name>.debug_abbrev</name>
         <load_address>0xac9</load_address>
         <run_address>0xac9</run_address>
         <size>0x24</size>
         <input_file_ref idref="fl-d0"/>
      </object_component>
      <object_component id="oc-f3">
         <name>.debug_abbrev</name>
         <load_address>0xaed</load_address>
         <run_address>0xaed</run_address>
         <size>0x37</size>
         <input_file_ref idref="fl-d1"/>
      </object_component>
      <object_component id="oc-2c">
         <name>.debug_abbrev</name>
         <load_address>0xb24</load_address>
         <run_address>0xb24</run_address>
         <size>0x6f</size>
         <input_file_ref idref="fl-d1"/>
      </object_component>
      <object_component id="oc-2f">
         <name>.debug_abbrev</name>
         <load_address>0xb93</load_address>
         <run_address>0xb93</run_address>
         <size>0x24</size>
         <input_file_ref idref="fl-d1"/>
      </object_component>
      <object_component id="oc-f0">
         <name>.debug_abbrev</name>
         <load_address>0xbb7</load_address>
         <run_address>0xbb7</run_address>
         <size>0x35</size>
         <input_file_ref idref="fl-d1"/>
      </object_component>
      <object_component id="oc-84">
         <name>.debug_abbrev</name>
         <load_address>0xbec</load_address>
         <run_address>0xbec</run_address>
         <size>0x24</size>
         <input_file_ref idref="fl-d1"/>
      </object_component>
      <object_component id="oc-7c">
         <name>.debug_abbrev</name>
         <load_address>0xc10</load_address>
         <run_address>0xc10</run_address>
         <size>0x29</size>
         <input_file_ref idref="fl-d2"/>
      </object_component>
      <object_component id="oc-ac">
         <name>.debug_abbrev</name>
         <load_address>0xc39</load_address>
         <run_address>0xc39</run_address>
         <size>0x61</size>
         <input_file_ref idref="fl-d2"/>
      </object_component>
      <object_component id="oc-168">
         <name>.debug_abbrev</name>
         <load_address>0xc9a</load_address>
         <run_address>0xc9a</run_address>
         <size>0x45</size>
         <input_file_ref idref="fl-d3"/>
      </object_component>
      <object_component id="oc-e2">
         <name>.debug_abbrev</name>
         <load_address>0xcdf</load_address>
         <run_address>0xcdf</run_address>
         <size>0xcf</size>
         <input_file_ref idref="fl-d4"/>
      </object_component>
      <object_component id="oc-7e">
         <name>.debug_abbrev</name>
         <load_address>0xdae</load_address>
         <run_address>0xdae</run_address>
         <size>0x29</size>
         <input_file_ref idref="fl-d4"/>
      </object_component>
      <object_component id="oc-e6">
         <name>.debug_abbrev</name>
         <load_address>0xdd7</load_address>
         <run_address>0xdd7</run_address>
         <size>0x24</size>
         <input_file_ref idref="fl-d4"/>
      </object_component>
      <object_component id="oc-eb">
         <name>.debug_abbrev</name>
         <load_address>0xdfb</load_address>
         <run_address>0xdfb</run_address>
         <size>0x4b</size>
         <input_file_ref idref="fl-d4"/>
      </object_component>
      <object_component id="oc-fc">
         <name>.debug_abbrev</name>
         <load_address>0xe46</load_address>
         <run_address>0xe46</run_address>
         <size>0x4f</size>
         <input_file_ref idref="fl-e5"/>
      </object_component>
      <object_component id="oc-1a2">
         <name>.debug_abbrev</name>
         <load_address>0xe95</load_address>
         <run_address>0xe95</run_address>
         <size>0xdb</size>
         <input_file_ref idref="fl-e6"/>
      </object_component>
      <object_component id="oc-172">
         <name>.debug_abbrev</name>
         <load_address>0xf70</load_address>
         <run_address>0xf70</run_address>
         <size>0x7e</size>
         <input_file_ref idref="fl-e6"/>
      </object_component>
      <object_component id="oc-1a6">
         <name>.debug_abbrev</name>
         <load_address>0xfee</load_address>
         <run_address>0xfee</run_address>
         <size>0x24</size>
         <input_file_ref idref="fl-e6"/>
      </object_component>
      <object_component id="oc-1ba">
         <name>.debug_abbrev</name>
         <load_address>0x1012</load_address>
         <run_address>0x1012</run_address>
         <size>0x24</size>
         <input_file_ref idref="fl-e6"/>
      </object_component>
      <object_component id="oc-1ab">
         <name>.debug_abbrev</name>
         <load_address>0x1036</load_address>
         <run_address>0x1036</run_address>
         <size>0x24</size>
         <input_file_ref idref="fl-e6"/>
      </object_component>
      <object_component id="oc-1b0">
         <name>.debug_abbrev</name>
         <load_address>0x105a</load_address>
         <run_address>0x105a</run_address>
         <size>0x4b</size>
         <input_file_ref idref="fl-e6"/>
      </object_component>
      <object_component id="oc-fd">
         <name>.debug_abbrev</name>
         <load_address>0x10a5</load_address>
         <run_address>0x10a5</run_address>
         <size>0x55</size>
         <input_file_ref idref="fl-e7"/>
      </object_component>
      <object_component id="oc-1f8">
         <name>.debug_abbrev</name>
         <load_address>0x10fa</load_address>
         <run_address>0x10fa</run_address>
         <size>0xf</size>
      </object_component>
      <object_component id="oc-e1">
         <name>.debug_str</name>
         <load_address>0x0</load_address>
         <run_address>0x0</run_address>
         <size>0x29a</size>
         <input_file_ref idref="fl-2"/>
      </object_component>
      <object_component id="oc-193">
         <name>.debug_str</name>
         <load_address>0x29a</load_address>
         <run_address>0x29a</run_address>
         <size>0x110</size>
         <input_file_ref idref="fl-2"/>
      </object_component>
      <object_component id="oc-18e">
         <name>.debug_str</name>
         <load_address>0x3aa</load_address>
         <run_address>0x3aa</run_address>
         <size>0xbf</size>
         <input_file_ref idref="fl-2"/>
      </object_component>
      <object_component id="oc-36">
         <name>.debug_str</name>
         <load_address>0x469</load_address>
         <run_address>0x469</run_address>
         <size>0xfa</size>
         <input_file_ref idref="fl-2"/>
      </object_component>
      <object_component id="oc-165">
         <name>.debug_str</name>
         <load_address>0x563</load_address>
         <run_address>0x563</run_address>
         <size>0x329</size>
         <input_file_ref idref="fl-2"/>
      </object_component>
      <object_component id="oc-da">
         <name>.debug_str</name>
         <load_address>0x88c</load_address>
         <run_address>0x88c</run_address>
         <size>0x132</size>
         <input_file_ref idref="fl-2"/>
      </object_component>
      <object_component id="oc-15b">
         <name>.debug_str</name>
         <load_address>0x9be</load_address>
         <run_address>0x9be</run_address>
         <size>0x492</size>
         <input_file_ref idref="fl-4"/>
      </object_component>
      <object_component id="oc-156">
         <name>.debug_str</name>
         <load_address>0xe50</load_address>
         <run_address>0xe50</run_address>
         <size>0x15dc</size>
         <input_file_ref idref="fl-4"/>
      </object_component>
      <object_component id="oc-109">
         <name>.debug_str</name>
         <load_address>0x242c</load_address>
         <run_address>0x242c</run_address>
         <size>0xfa</size>
         <input_file_ref idref="fl-4"/>
      </object_component>
      <object_component id="oc-160">
         <name>.debug_str</name>
         <load_address>0x2526</load_address>
         <run_address>0x2526</run_address>
         <size>0xa1</size>
         <input_file_ref idref="fl-4"/>
      </object_component>
      <object_component id="oc-95">
         <name>.debug_str</name>
         <load_address>0x25c7</load_address>
         <run_address>0x25c7</run_address>
         <size>0x105</size>
         <input_file_ref idref="fl-cf"/>
      </object_component>
      <object_component id="oc-f9">
         <name>.debug_str</name>
         <load_address>0x26cc</load_address>
         <run_address>0x26cc</run_address>
         <size>0x143</size>
         <input_file_ref idref="fl-cf"/>
      </object_component>
      <object_component id="oc-41">
         <name>.debug_str</name>
         <load_address>0x280f</load_address>
         <run_address>0x280f</run_address>
         <size>0x10b</size>
         <input_file_ref idref="fl-d0"/>
      </object_component>
      <object_component id="oc-8d">
         <name>.debug_str</name>
         <load_address>0x291a</load_address>
         <run_address>0x291a</run_address>
         <size>0x143</size>
         <input_file_ref idref="fl-d0"/>
      </object_component>
      <object_component id="oc-31">
         <name>.debug_str</name>
         <load_address>0x2a5d</load_address>
         <run_address>0x2a5d</run_address>
         <size>0x118</size>
         <input_file_ref idref="fl-d1"/>
      </object_component>
      <object_component id="oc-f2">
         <name>.debug_str</name>
         <load_address>0x2b75</load_address>
         <run_address>0x2b75</run_address>
         <size>0x16e</size>
         <input_file_ref idref="fl-d1"/>
      </object_component>
      <object_component id="oc-86">
         <name>.debug_str</name>
         <load_address>0x2ce3</load_address>
         <run_address>0x2ce3</run_address>
         <size>0x15b</size>
         <input_file_ref idref="fl-d1"/>
      </object_component>
      <object_component id="oc-e8">
         <name>.debug_str</name>
         <load_address>0x2e3e</load_address>
         <run_address>0x2e3e</run_address>
         <size>0x143</size>
         <input_file_ref idref="fl-d4"/>
      </object_component>
      <object_component id="oc-ed">
         <name>.debug_str</name>
         <load_address>0x2f81</load_address>
         <run_address>0x2f81</run_address>
         <size>0xf4</size>
         <input_file_ref idref="fl-d4"/>
      </object_component>
      <object_component id="oc-1a8">
         <name>.debug_str</name>
         <load_address>0x3075</load_address>
         <run_address>0x3075</run_address>
         <size>0xed</size>
         <input_file_ref idref="fl-e6"/>
      </object_component>
      <object_component id="oc-1bc">
         <name>.debug_str</name>
         <load_address>0x3162</load_address>
         <run_address>0x3162</run_address>
         <size>0x15a</size>
         <input_file_ref idref="fl-e6"/>
      </object_component>
      <object_component id="oc-1ad">
         <name>.debug_str</name>
         <load_address>0x32bc</load_address>
         <run_address>0x32bc</run_address>
         <size>0x153</size>
         <input_file_ref idref="fl-e6"/>
      </object_component>
      <object_component id="oc-1b2">
         <name>.debug_str</name>
         <load_address>0x340f</load_address>
         <run_address>0x340f</run_address>
         <size>0x19a</size>
         <input_file_ref idref="fl-e6"/>
      </object_component>
      <object_component id="oc-de">
         <name>.debug_pubtypes</name>
         <load_address>0x0</load_address>
         <run_address>0x0</run_address>
         <size>0x25c</size>
         <input_file_ref idref="fl-2"/>
      </object_component>
      <object_component id="oc-190">
         <name>.debug_pubtypes</name>
         <load_address>0x25c</load_address>
         <run_address>0x25c</run_address>
         <size>0x70</size>
         <input_file_ref idref="fl-2"/>
      </object_component>
      <object_component id="oc-18b">
         <name>.debug_pubtypes</name>
         <load_address>0x2cc</load_address>
         <run_address>0x2cc</run_address>
         <size>0x2c</size>
         <input_file_ref idref="fl-2"/>
      </object_component>
      <object_component id="oc-33">
         <name>.debug_pubtypes</name>
         <load_address>0x2f8</load_address>
         <run_address>0x2f8</run_address>
         <size>0xed</size>
         <input_file_ref idref="fl-2"/>
      </object_component>
      <object_component id="oc-162">
         <name>.debug_pubtypes</name>
         <load_address>0x3e5</load_address>
         <run_address>0x3e5</run_address>
         <size>0x325</size>
         <input_file_ref idref="fl-2"/>
      </object_component>
      <object_component id="oc-d7">
         <name>.debug_pubtypes</name>
         <load_address>0x70a</load_address>
         <run_address>0x70a</run_address>
         <size>0xaa</size>
         <input_file_ref idref="fl-2"/>
      </object_component>
      <object_component id="oc-158">
         <name>.debug_pubtypes</name>
         <load_address>0x7b4</load_address>
         <run_address>0x7b4</run_address>
         <size>0xdd</size>
         <input_file_ref idref="fl-4"/>
      </object_component>
      <object_component id="oc-153">
         <name>.debug_pubtypes</name>
         <load_address>0x891</load_address>
         <run_address>0x891</run_address>
         <size>0x2ce</size>
         <input_file_ref idref="fl-4"/>
      </object_component>
      <object_component id="oc-106">
         <name>.debug_pubtypes</name>
         <load_address>0xb5f</load_address>
         <run_address>0xb5f</run_address>
         <size>0xff</size>
         <input_file_ref idref="fl-4"/>
      </object_component>
      <object_component id="oc-15d">
         <name>.debug_pubtypes</name>
         <load_address>0xc5e</load_address>
         <run_address>0xc5e</run_address>
         <size>0x26</size>
         <input_file_ref idref="fl-4"/>
      </object_component>
      <object_component id="oc-92">
         <name>.debug_pubtypes</name>
         <load_address>0xc84</load_address>
         <run_address>0xc84</run_address>
         <size>0x48</size>
         <input_file_ref idref="fl-cf"/>
      </object_component>
      <object_component id="oc-f6">
         <name>.debug_pubtypes</name>
         <load_address>0xccc</load_address>
         <run_address>0xccc</run_address>
         <size>0x1d</size>
         <input_file_ref idref="fl-cf"/>
      </object_component>
      <object_component id="oc-3e">
         <name>.debug_pubtypes</name>
         <load_address>0xce9</load_address>
         <run_address>0xce9</run_address>
         <size>0x48</size>
         <input_file_ref idref="fl-d0"/>
      </object_component>
      <object_component id="oc-8a">
         <name>.debug_pubtypes</name>
         <load_address>0xd31</load_address>
         <run_address>0xd31</run_address>
         <size>0x1d</size>
         <input_file_ref idref="fl-d0"/>
      </object_component>
      <object_component id="oc-2e">
         <name>.debug_pubtypes</name>
         <load_address>0xd4e</load_address>
         <run_address>0xd4e</run_address>
         <size>0x5d</size>
         <input_file_ref idref="fl-d1"/>
      </object_component>
      <object_component id="oc-ef">
         <name>.debug_pubtypes</name>
         <load_address>0xdab</load_address>
         <run_address>0xdab</run_address>
         <size>0x48</size>
         <input_file_ref idref="fl-d1"/>
      </object_component>
      <object_component id="oc-83">
         <name>.debug_pubtypes</name>
         <load_address>0xdf3</load_address>
         <run_address>0xdf3</run_address>
         <size>0x35</size>
         <input_file_ref idref="fl-d1"/>
      </object_component>
      <object_component id="oc-81">
         <name>.debug_pubtypes</name>
         <load_address>0xe28</load_address>
         <run_address>0xe28</run_address>
         <size>0x1f</size>
         <input_file_ref idref="fl-d4"/>
      </object_component>
      <object_component id="oc-e5">
         <name>.debug_pubtypes</name>
         <load_address>0xe47</load_address>
         <run_address>0xe47</run_address>
         <size>0x1d</size>
         <input_file_ref idref="fl-d4"/>
      </object_component>
      <object_component id="oc-ea">
         <name>.debug_pubtypes</name>
[...]
         <load_address>0xe4</load_address>
         <run_address>0xe4</run_address>
         <size>0x71a</size>
         <flags>0x5</flags>
         <contents>
            <logical_group_ref idref="lg-4"/>
         </contents>
      </load_segment>
      <load_segment id="lg-1ff" display="no" color="cyan">
         <name>SEGMENT_3</name>
         <load_address>0x800</load_address>
         <run_address>0x800</run_address>
         <size>0x30</size>
         <flags>0x4</flags>
         <contents>
            <logical_group_ref idref="lg-6"/>
         </contents>
      </load_segment>
      <load_segment id="lg-200" display="no" color="cyan">
         <name>SEGMENT_4</name>
         <run_address>0x20000000</run_address>
         <size>0x808</size>
         <flags>0x6</flags>
         <contents>
            <logical_group_ref idref="lg-10"/>
            <logical_group_ref idref="lg-e"/>
         </contents>
      </load_segment>
      <load_segment id="lg-201" display="no" color="cyan">
         <name>SEGMENT_5</name>
         <run_address>0x2000fe00</run_address>
         <size>0x200</size>
         <flags>0x6</flags>
         <contents>
            <logical_group_ref idref="lg-11"/>
         </contents>
      </load_segment>
   </logical_group_list>
   <placement_map>
      <memory_area display="yes" color="green">
         <name>MAIN</name>
         <page_id>0x0</page_id>
         <origin>0x0</origin>
         <length>0x40000</length>
         <used_space>0x82e</used_space>
         <unused_space>0x3f7d2</unused_space>
         <attributes>RX</attributes>
         <usage_details>
            <allocated_space>
               <start_address>0x0</start_address>
               <size>0x0</size>
               <logical_group_ref idref="lg-9"/>
            </allocated_space>
            <allocated_space>
               <start_address>0x0</start_address>
               <size>0xe4</size>
               <logical_group_ref idref="lg-3"/>
            </allocated_space>
            <allocated_space>
               <start_address>0xe4</start_address>
               <size>0x71a</size>
               <logical_group_ref idref="lg-4"/>
            </allocated_space>
            <available_space>
               <start_address>0x7fe</start_address>
               <size>0x2</size>
            </available_space>
            <allocated_space>
               <start_address>0x800</start_address>
               <size>0x30</size>
               <logical_group_ref idref="lg-6"/>
            </allocated_space>
            <available_space>
               <start_address>0x830</start_address>
               <size>0x3f7d0</size>
            </available_space>
         </usage_details>
      </memory_area>
      <memory_area display="yes" color="green">
         <name>INFO</name>
         <page_id>0x0</page_id>
         <origin>0x200000</origin>
         <length>0x4000</length>
         <used_space>0x0</used_space>
         <unused_space>0x4000</unused_space>
         <attributes>RX</attributes>
         <usage_details>
         </usage_details>
      </memory_area>
      <memory_area display="yes" color="green">
         <name>SRAM_CODE</name>
         <page_id>0x0</page_id>
         <origin>0x1000000</origin>
         <length>0x10000</length>
         <used_space>0xa08</used_space>
         <unused_space>0xf5f8</unused_space>
         <attributes>RWX</attributes>
         <usage_details>
            <allocated_space>
               <start_address>0x1000000</start_address>
               <size>0x800</size>
               <logical_group_ref idref="lg-10"/>
            </allocated_space>
            <allocated_space>
               <start_address>0x1000800</start_address>
               <size>0x8</size>
               <logical_group_ref idref="lg-e"/>
            </allocated_space>
            <available_space>
               <start_address>0x1000808</start_address>
               <size>0xf5f8</size>
            </available_space>
            <allocated_space>
               <start_address>0x100fe00</start_address>
               <size>0x200</size>
               <logical_group_ref idref="lg-11"/>
            </allocated_space>
         </usage_details>
      </memory_area>
      <memory_area display="yes" color="blue">
         <name>SRAM_DATA</name>
         <page_id>0x0</page_id>
         <origin>0x20000000</origin>
         <length>0x10000</length>
         <used_space>0xa08</used_space>
         <unused_space>0xf5f8</unused_space>
         <attributes>RW</attributes>
         <usage_details>
            <allocated_space>
               <start_address>0x20000000</start_address>
               <size>0x800</size>
               <logical_group_ref idref="lg-10"/>
            </allocated_space>
            <allocated_space>
               <start_address>0x20000800</start_address>
               <size>0x8</size>
               <logical_group_ref idref="lg-e"/>
            </allocated_space>
            <available_space>
               <start_address>0x20000808</start_address>
               <size>0xf5f8</size>
            </available_space>
            <allocated_space>
               <start_address>0x2000fe00</start_address>
               <size>0x200</size>
               <logical_group_ref idref="lg-11"/>
            </allocated_space>
         </usage_details>
      </memory_area>
   </placement_map>
   <cptbl_list>
      <cptbl>
         <name>__TI_cinit_table</name>
         <cprec>
            <name>.bss</name>
            <load_address>0x810</load_address>
            <load_size>0x8</load_size>
            <run_address>0x0</run_address>
            <run_size>0x3a990</run_size>
            <compression>zero_init</compression>
         </cprec>
         <cprec>
            <name>.data</name>
            <load_address>0x818</load_address>
            <load_size>0x7</load_size>
            <run_address>0x20000800</run_address>
            <run_size>0x8</run_size>
            <compression>lzss</compression>
         </cprec>
      </cptbl>
   </cptbl_list>
   <handler_table>
      <handler_table_name>__TI_handler_table</handler_table_name>
      <handler>
         <index>0x0</index>
         <name>__TI_decompress_lzss</name>
      </handler>
      <handler>
         <index>0x1</index>
         <name>__TI_decompress_none</name>
      </handler>
      <handler>
         <index>0x2</index>
         <name>__TI_zero_init</name>
      </handler>
   </handler_table>
   <symbol_table>
      <symbol id="sm-1">
         <name>WDTCTL_SYM</name>
         <value>0x4000480c</value>
      </symbol>
      <symbol id="sm-2">
         <name>__TI_CINIT_Base</name>
         <value>0x820</value>
      </symbol>
      <symbol id="sm-3">
         <name>__TI_CINIT_Limit</name>
         <value>0x830</value>
      </symbol>
      <symbol id="sm-4">
         <name>__TI_Handler_Table_Base</name>
         <value>0x800</value>
      </symbol>
      <symbol id="sm-5">
         <name>__TI_Handler_Table_Limit</name>
         <value>0x80c</value>
      </symbol>
      <symbol id="sm-6">
         <name>binit</name>
         <value>0xffffffff</value>
      </symbol>
      <symbol id="sm-7">
         <name>__binit__</name>
         <value>0xffffffff</value>
      </symbol>
      <symbol id="sm-8">
         <name>__STACK_SIZE</name>
         <value>0x200</value>
      </symbol>
      <symbol id="sm-9">
         <name>__STACK_END</name>
         <value>0x20010000</value>
      </symbol>
      <symbol id="sm-a">
         <name>__SYSMEM_SIZE</name>
         <value>0x800</value>
      </symbol>
      <symbol id="sm-b">
         <name>__c_args__</name>
         <value>0xffffffff</value>
      </symbol>
      <symbol id="sm-c">
         <name>__TI_pprof_out_hndl</name>
         <value>0xffffffff</value>
      </symbol>
      <symbol id="sm-d">
         <name>__TI_prof_data_start</name>
         <value>0xffffffff</value>
      </symbol>
      <symbol id="sm-e">
         <name>__TI_prof_data_size</name>
         <value>0xffffffff</value>
      </symbol>
      <symbol id="sm-97">
         <name>dataArray</name>
         <value>0x0</value>
      </symbol>
      <symbol id="sm-98">
         <name>k</name>
         <value>0x20000800</value>
         <object_component_ref idref="oc-cf"/>
      </symbol>
      <symbol id="sm-99">
         <name>main</name>
         <value>0x785</value>
         <object_component_ref idref="oc-a3"/>
      </symbol>
      <symbol id="sm-9a">
         <name>ADC14_IRQHandler</name>
         <value>0x21d</value>
         <object_component_ref idref="oc-73"/>
      </symbol>
      <symbol id="sm-9b">
         <name>copyADC</name>
         <value>0x20000804</value>
         <object_component_ref idref="oc-cf"/>
      </symbol>
      <symbol id="sm-ae">
         <name>initADC14</name>
         <value>0x421</value>
         <object_component_ref idref="oc-fe"/>
      </symbol>
      <symbol id="sm-c1">
         <name>SystemInit</name>
         <value>0x629</value>
         <object_component_ref idref="oc-b5"/>
      </symbol>
      <symbol id="sm-dd">
         <name>Reset_Handler</name>
         <value>0x7df</value>
         <object_component_ref idref="oc-67"/>
      </symbol>
      <symbol id="sm-de">
         <name>Default_Handler</name>
         <value>0x21b</value>
         <object_component_ref idref="oc-6d"/>
      </symbol>
      <symbol id="sm-df">
         <name>interruptVectors</name>
         <value>0x0</value>
         <object_component_ref idref="oc-23"/>
      </symbol>
      <symbol id="sm-f6">
         <name>__aeabi_ddiv</name>
         <value>0xe5</value>
         <object_component_ref idref="oc-c7"/>
      </symbol>
      <symbol id="sm-101">
         <name>__aeabi_dmul</name>
         <value>0x325</value>
         <object_component_ref idref="oc-c2"/>
      </symbol>
      <symbol id="sm-11c">
         <name>memcpy</name>
         <value>0x511</value>
         <object_component_ref idref="oc-37"/>
      </symbol>
      <symbol id="sm-11d">
         <name>__aeabi_memcpy</name>
         <value>0x511</value>
         <object_component_ref idref="oc-37"/>
      </symbol>
      <symbol id="sm-11e">
         <name>__aeabi_memcpy8</name>
         <value>0x511</value>
         <object_component_ref idref="oc-37"/>
      </symbol>
      <symbol id="sm-11f">
         <name>__aeabi_memcpy4</name>
         <value>0x511</value>
         <object_component_ref idref="oc-37"/>
      </symbol>
      <symbol id="sm-129">
         <name>__aeabi_ui2d</name>
         <value>0x7b1</value>
         <object_component_ref idref="oc-bd"/>
      </symbol>
      <symbol id="sm-140">
         <name>__TI_zero_init</name>
         <value>0x7eb</value>
         <object_component_ref idref="oc-49"/>
      </symbol>
      <symbol id="sm-157">
         <name>__TI_decompress_none</name>
         <value>0x7d1</value>
         <object_component_ref idref="oc-1a"/>
      </symbol>
      <symbol id="sm-17a">
         <name>__TI_decompress_lzss</name>
         <value>0x6a1</value>
         <object_component_ref idref="oc-14"/>
      </symbol>
      <symbol id="sm-18d">
         <name>__stack</name>
         <value>0x2000fe00</value>
         <object_component_ref idref="oc-26"/>
      </symbol>
      <symbol id="sm-18e">
         <name>_c_int00_noargs</name>
         <value>0x74d</value>
         <object_component_ref idref="oc-55"/>
      </symbol>
      <symbol id="sm-199">
         <name>C$$EXIT</name>
         <value>0x7fb</value>
         <object_component_ref idref="oc-10a"/>
      </symbol>
      <symbol id="sm-19a">
         <name>abort</name>
         <value>0x7fb</value>
         <object_component_ref idref="oc-10a"/>
      </symbol>
      <symbol id="sm-1af">
         <name>_sys_memory</name>
         <value>0x20000000</value>
         <object_component_ref idref="oc-29"/>
      </symbol>
      <symbol id="sm-1ce">
         <name>__aeabi_memset</name>
         <value>0x5af</value>
         <object_component_ref idref="oc-97"/>
      </symbol>
      <symbol id="sm-1cf">
         <name>memset</name>
         <value>0x5b5</value>
         <object_component_ref idref="oc-97"/>
      </symbol>
      <symbol id="sm-1d0">
         <name>__aeabi_memset8</name>
         <value>0x5af</value>
         <object_component_ref idref="oc-97"/>
      </symbol>
      <symbol id="sm-1d1">
         <name>__aeabi_memset4</name>
         <value>0x5af</value>
         <object_component_ref idref="oc-97"/>
      </symbol>
      <symbol id="sm-1d2">
         <name>__aeabi_memclr8</name>
         <value>0x5ad</value>
         <object_component_ref idref="oc-97"/>
      </symbol>
      <symbol id="sm-1d3">
         <name>__aeabi_memclr4</name>
         <value>0x5ad</value>
         <object_component_ref idref="oc-97"/>
      </symbol>
      <symbol id="sm-1d4">
         <name>__aeabi_memclr</name>
         <value>0x5ad</value>
         <object_component_ref idref="oc-97"/>
      </symbol>
      <symbol id="sm-1fc">
         <name>__TI_auto_init_nobinit_nopinit</name>
         <value>0x709</value>
         <object_component_ref idref="oc-116"/>
      </symbol>
      <symbol id="sm-206">
         <name>_system_pre_init</name>
         <value>0x7f7</value>
         <object_component_ref idref="oc-9d"/>
      </symbol>
      <symbol id="sm-22b">
         <name>__TI_static_base__</name>
         <value>0x0</value>
      </symbol>
      <symbol id="sm-22e">
         <name>__mpu_init</name>
         <value>0x0</value>
      </symbol>
      <symbol id="sm-22f">
         <name>_system_post_cinit</name>
         <value>0x0</value>
      </symbol>
      <symbol id="sm-230">
         <name>NMI_Handler</name>
         <value>0x21b</value>
      </symbol>
      <symbol id="sm-231">
         <name>HardFault_Handler</name>
         <value>0x21b</value>
      </symbol>
      <symbol id="sm-232">
         <name>MemManage_Handler</name>
         <value>0x21b</value>
      </symbol>
      <symbol id="sm-233">
         <name>BusFault_Handler</name>
         <value>0x21b</value>
      </symbol>
      <symbol id="sm-234">
         <name>UsageFault_Handler</name>
         <value>0x21b</value>
      </symbol>
      <symbol id="sm-235">
         <name>SVC_Handler</name>
         <value>0x21b</value>
      </symbol>
      <symbol id="sm-236">
         <name>DebugMon_Handler</name>
         <value>0x21b</value>
      </symbol>
      <symbol id="sm-237">
         <name>PendSV_Handler</name>
         <value>0x21b</value>
      </symbol>
      <symbol id="sm-238">
         <name>SysTick_Handler</name>
         <value>0x21b</value>
      </symbol>
      <symbol id="sm-239">
         <name>PSS_IRQHandler</name>
         <value>0x21b</value>
      </symbol>
      <symbol id="sm-23a">
         <name>CS_IRQHandler</name>
         <value>0x21b</value>
      </symbol>
      <symbol id="sm-23b">
         <name>PCM_IRQHandler</name>
         <value>0x21b</value>
      </symbol>
      <symbol id="sm-23c">
         <name>WDT_A_IRQHandler</name>
         <value>0x21b</value>
      </symbol>
      <symbol id="sm-23d">
         <name>FPU_IRQHandler</name>
         <value>0x21b</value>
      </symbol>
      <symbol id="sm-23e">
         <name>FLCTL_IRQHandler</name>
         <value>0x21b</value>
      </symbol>
      <symbol id="sm-23f">
         <name>COMP_E0_IRQHandler</name>
         <value>0x21b</value>
      </symbol>
      <symbol id="sm-240">
         <name>COMP_E1_IRQHandler</name>
         <value>0x21b</value>
      </symbol>
      <symbol id="sm-241">
         <name>TA0_0_IRQHandler</name>
         <value>0x21b</value>
      </symbol>
      <symbol id="sm-242">
         <name>TA0_N_IRQHandler</name>
         <value>0x21b</value>
      </symbol>
      <symbol id="sm-243">
         <name>TA1_0_IRQHandler</name>
         <value>0x21b</value>
      </symbol>
      <symbol id="sm-244">
         <name>TA1_N_IRQHandler</name>
         <value>0x21b</value>
      </symbol>
      <symbol id="sm-245">
         <name>TA2_0_IRQHandler</name>
         <value>0x21b</value>
      </symbol>
      <symbol id="sm-246">
         <name>TA2_N_IRQHandler</name>
         <value>0x21b</value>
      </symbol>
      <symbol id="sm-247">
         <name>TA3_0_IRQHandler</name>
         <value>0x21b</value>
      </symbol>
      <symbol id="sm-248">
         <name>TA3_N_IRQHandler</name>
         <value>0x21b</value>
      </symbol>
      <symbol id="sm-249">
         <name>EUSCIA0_IRQHandler</name>
         <value>0x21b</value>
      </symbol>
      <symbol id="sm-24a">
         <name>EUSCIA1_IRQHandler</name>
         <value>0x21b</value>
      </symbol>
      <symbol id="sm-24b">
         <name>EUSCIA2_IRQHandler</name>
         <value>0x21b</value>
      </symbol>
      <symbol id="sm-24c">
         <name>EUSCIA3_IRQHandler</name>
         <value>0x21b</value>
      </symbol>
      <symbol id="sm-24d">
         <name>EUSCIB0_IRQHandler</name>
         <value>0x21b</value>
      </symbol>
      <symbol id="sm-24e">
         <name>EUSCIB1_IRQHandler</name>
         <value>0x21b</value>
      </symbol>
      <symbol id="sm-24f">
         <name>EUSCIB2_IRQHandler</name>
         <value>0x21b</value>
      </symbol>
      <symbol id="sm-250">
         <name>EUSCIB3_IRQHandler</name>
         <value>0x21b</value>
      </symbol>
      <symbol id="sm-251">
         <name>ADC14_IRQHandler</name>
         <value>0x21d</value>
      </symbol>
      <symbol id="sm-252">
         <name>T32_INT1_IRQHandler</name>
         <value>0x21b</value>
      </symbol>
      <symbol id="sm-253">
         <name>T32_INT2_IRQHandler</name>
         <value>0x21b</value>
      </symbol>
      <symbol id="sm-254">
         <name>T32_INTC_IRQHandler</name>
         <value>0x21b</value>
      </symbol>
      <symbol id="sm-255">
         <name>AES256_IRQHandler</name>
         <value>0x21b</value>
      </symbol>
      <symbol id="sm-256">
         <name>RTC_C_IRQHandler</name>
         <value>0x21b</value>
      </symbol>
      <symbol id="sm-257">
         <name>DMA_ERR_IRQHandler</name>
         <value>0x21b</value>
      </symbol>
      <symbol id="sm-258">
         <name>DMA_INT3_IRQHandler</name>
         <value>0x21b</value>
      </symbol>
      <symbol id="sm-259">
         <name>DMA_INT2_IRQHandler</name>
         <value>0x21b</value>
      </symbol>
      <symbol id="sm-25a">
         <name>DMA_INT1_IRQHandler</name>
         <value>0x21b</value>
      </symbol>
      <symbol id="sm-25b">
         <name>DMA_INT0_IRQHandler</name>
         <value>0x21b</value>
      </symbol>
      <symbol id="sm-25c">
         <name>PORT1_IRQHandler</name>
         <value>0x21b</value>
      </symbol>
      <symbol id="sm-25d">
         <name>PORT2_IRQHandler</name>
         <value>0x21b</value>
      </symbol>
      <symbol id="sm-25e">
         <name>PORT3_IRQHandler</name>
         <value>0x21b</value>
      </symbol>
      <symbol id="sm-25f">
         <name>PORT4_IRQHandler</name>
         <value>0x21b</value>
      </symbol>
      <symbol id="sm-260">
         <name>PORT5_IRQHandler</name>
         <value>0x21b</value>
      </symbol>
      <symbol id="sm-261">
         <name>PORT6_IRQHandler</name>
         <value>0x21b</value>
      </symbol>
   </symbol_table>
   <title>Link errors: red sections failed placement,available memory ranges in purple</title>
</link_info>
